[    0.000000] microcode: microcode updated early to revision 0xb4, date = 2019-04-01
[    0.000000] Linux version 5.0.0-31-generic (buildd@lgw01-amd64-046) (gcc version 7.4.0 (Ubuntu 7.4.0-1ubuntu1~18.04.1)) #33~18.04.1-Ubuntu SMP Tue Oct 1 10:20:39 UTC 2019 (Ubuntu 5.0.0-31.33~18.04.1-generic 5.0.21)
[    0.000000] Command line: BOOT_IMAGE=/boot/vmlinuz-5.0.0-31-generic root=UUID=80301c26-d94c-4ee4-ae6f-47469a621f8b ro net.ifnames=0 biosdevname=0 quiet splash vt.handoff=1
[    0.000000] KERNEL supported cpus:
[    0.000000]   Intel GenuineIntel
[    0.000000]   AMD AuthenticAMD
[    0.000000]   Hygon HygonGenuine
[    0.000000]   Centaur CentaurHauls
[    0.000000] x86/fpu: Supporting XSAVE feature 0x001: 'x87 floating point registers'
[    0.000000] x86/fpu: Supporting XSAVE feature 0x002: 'SSE registers'
[    0.000000] x86/fpu: Supporting XSAVE feature 0x004: 'AVX registers'
[    0.000000] x86/fpu: Supporting XSAVE feature 0x008: 'MPX bounds registers'
[    0.000000] x86/fpu: Supporting XSAVE feature 0x010: 'MPX CSR'
[    0.000000] x86/fpu: xstate_offset[2]:  576, xstate_sizes[2]:  256
[    0.000000] x86/fpu: xstate_offset[3]:  832, xstate_sizes[3]:   64
[    0.000000] x86/fpu: xstate_offset[4]:  896, xstate_sizes[4]:   64
[    0.000000] x86/fpu: Enabled xstate features 0x1f, context size is 960 bytes, using 'compacted' format.
[    0.000000] BIOS-provided physical RAM map:
[    0.000000] BIOS-e820: [mem 0x0000000000000000-0x000000000009efff] usable
[    0.000000] BIOS-e820: [mem 0x000000000009f000-0x00000000000fffff] reserved
[    0.000000] BIOS-e820: [mem 0x0000000000100000-0x0000000079d37fff] usable
[    0.000000] BIOS-e820: [mem 0x0000000079d38000-0x000000007a1a2fff] reserved
[    0.000000] BIOS-e820: [mem 0x000000007a1a3000-0x000000007a21ffff] ACPI data
[    0.000000] BIOS-e820: [mem 0x000000007a220000-0x000000007a2d0fff] ACPI NVS
[    0.000000] BIOS-e820: [mem 0x000000007a2d1000-0x000000007ac0dfff] reserved
[    0.000000] BIOS-e820: [mem 0x000000007ac0e000-0x000000007ac0efff] usable
[    0.000000] BIOS-e820: [mem 0x000000007ac0f000-0x000000007fffffff] reserved
[    0.000000] BIOS-e820: [mem 0x00000000e0000000-0x00000000efffffff] reserved
[    0.000000] BIOS-e820: [mem 0x00000000fe000000-0x00000000fe010fff] reserved
[    0.000000] BIOS-e820: [mem 0x00000000fec00000-0x00000000fec00fff] reserved
[    0.000000] BIOS-e820: [mem 0x00000000fed00000-0x00000000fed03fff] reserved
[    0.000000] BIOS-e820: [mem 0x00000000fee00000-0x00000000fee00fff] reserved
[    0.000000] BIOS-e820: [mem 0x00000000ff000000-0x00000000ffffffff] reserved
[    0.000000] BIOS-e820: [mem 0x0000000100000000-0x000000027dffffff] usable
[    0.000000] NX (Execute Disable) protection: active
[    0.000000] e820: update [mem 0x6effd018-0x6f00de57] usable ==> usable
[    0.000000] e820: update [mem 0x6effd018-0x6f00de57] usable ==> usable
[    0.000000] extended physical RAM map:
[    0.000000] reserve setup_data: [mem 0x0000000000000000-0x000000000009efff] usable
[    0.000000] reserve setup_data: [mem 0x000000000009f000-0x00000000000fffff] reserved
[    0.000000] reserve setup_data: [mem 0x0000000000100000-0x000000006effd017] usable
[    0.000000] reserve setup_data: [mem 0x000000006effd018-0x000000006f00de57] usable
[    0.000000] reserve setup_data: [mem 0x000000006f00de58-0x0000000079d37fff] usable
[    0.000000] reserve setup_data: [mem 0x0000000079d38000-0x000000007a1a2fff] reserved
[    0.000000] reserve setup_data: [mem 0x000000007a1a3000-0x000000007a21ffff] ACPI data
[    0.000000] reserve setup_data: [mem 0x000000007a220000-0x000000007a2d0fff] ACPI NVS
[    0.000000] reserve setup_data: [mem 0x000000007a2d1000-0x000000007ac0dfff] reserved
[    0.000000] reserve setup_data: [mem 0x000000007ac0e000-0x000000007ac0efff] usable
[    0.000000] reserve setup_data: [mem 0x000000007ac0f000-0x000000007fffffff] reserved
[    0.000000] reserve setup_data: [mem 0x00000000e0000000-0x00000000efffffff] reserved
[    0.000000] reserve setup_data: [mem 0x00000000fe000000-0x00000000fe010fff] reserved
[    0.000000] reserve setup_data: [mem 0x00000000fec00000-0x00000000fec00fff] reserved
[    0.000000] reserve setup_data: [mem 0x00000000fed00000-0x00000000fed03fff] reserved
[    0.000000] reserve setup_data: [mem 0x00000000fee00000-0x00000000fee00fff] reserved
[    0.000000] reserve setup_data: [mem 0x00000000ff000000-0x00000000ffffffff] reserved
[    0.000000] reserve setup_data: [mem 0x0000000100000000-0x000000027dffffff] usable
[    0.000000] efi: EFI v2.70 by American Megatrends
[    0.000000] efi:  ACPI 2.0=0x7a1bc000  ACPI=0x7a1bc000  SMBIOS=0x7a9a7000  SMBIOS 3.0=0x7a9a6000  MEMATTR=0x779f4298  ESRT=0x7a9d1918  TPMEventLog=0x71c5d018 
[    0.000000] secureboot: Secure boot enabled
[    0.000000] Kernel is locked down from EFI secure boot; see man kernel_lockdown.7
[    0.000000] SMBIOS 3.2.1 present.
[    0.000000] DMI: Intel(R) Client Systems NUC8i7BEH/NUC8BEB, BIOS BECFL357.86A.0064.2019.0213.1122 02/13/2019
[    0.000000] tsc: Detected 2700.000 MHz processor
[    0.000646] tsc: Detected 2712.000 MHz TSC
[    0.000646] e820: update [mem 0x00000000-0x00000fff] usable ==> reserved
[    0.000648] e820: remove [mem 0x000a0000-0x000fffff] usable
[    0.000654] last_pfn = 0x27e000 max_arch_pfn = 0x400000000
[    0.000660] MTRR default type: write-back
[    0.000661] MTRR fixed ranges enabled:
[    0.000662]   00000-9FFFF write-back
[    0.000663]   A0000-BFFFF uncachable
[    0.000664]   C0000-FFFFF write-protect
[    0.000664] MTRR variable ranges enabled:
[    0.000666]   0 base 0080000000 mask 7F80000000 uncachable
[    0.000666]   1 base 007C000000 mask 7FFC000000 uncachable
[    0.000667]   2 base 007B800000 mask 7FFF800000 uncachable
[    0.000668]   3 base 2000000000 mask 6000000000 uncachable
[    0.000669]   4 base 1000000000 mask 7000000000 uncachable
[    0.000669]   5 base 0800000000 mask 7800000000 uncachable
[    0.000670]   6 base 0400000000 mask 7C00000000 uncachable
[    0.000671]   7 base 4000000000 mask 4000000000 uncachable
[    0.000671]   8 disabled
[    0.000671]   9 disabled
[    0.001838] x86/PAT: Configuration [0-7]: WB  WC  UC- UC  WB  WP  UC- WT  
[    0.002033] last_pfn = 0x7ac0f max_arch_pfn = 0x400000000
[    0.010086] esrt: Reserving ESRT space from 0x000000007a9d1918 to 0x000000007a9d1950.
[    0.010094] check: Scanning 1 areas for low memory corruption
[    0.010100] Using GB pages for direct mapping
[    0.010102] BRK [0x107e01000, 0x107e01fff] PGTABLE
[    0.010103] BRK [0x107e02000, 0x107e02fff] PGTABLE
[    0.010104] BRK [0x107e03000, 0x107e03fff] PGTABLE
[    0.010143] BRK [0x107e04000, 0x107e04fff] PGTABLE
[    0.010145] BRK [0x107e05000, 0x107e05fff] PGTABLE
[    0.010278] BRK [0x107e06000, 0x107e06fff] PGTABLE
[    0.010313] BRK [0x107e07000, 0x107e07fff] PGTABLE
[    0.010354] BRK [0x107e08000, 0x107e08fff] PGTABLE
[    0.010434] RAMDISK: [mem 0x3d995000-0x3fffdfff]
[    0.010447] ACPI: Early table checksum verification disabled
[    0.010451] ACPI: RSDP 0x000000007A1BC000 000024 (v02 INTEL )
[    0.010454] ACPI: XSDT 0x000000007A1BC0A8 0000CC (v01 INTEL  NUC8i7BE 00000040 AMI  00010013)
[    0.010458] ACPI: FACP 0x000000007A1FEC50 000114 (v06 INTEL  NUC8i7BE 00000040 AMI  00010013)
[    0.010463] ACPI: DSDT 0x000000007A1BC200 042A50 (v02 INTEL  NUC8i7BE 00000040 INTL 20160527)
[    0.010466] ACPI: FACS 0x000000007A2D0080 000040
[    0.010468] ACPI: APIC 0x000000007A1FED68 0000BC (v04 INTEL  NUC8i7BE 00000040 AMI  00010013)
[    0.010470] ACPI: FPDT 0x000000007A1FEE28 000044 (v01 INTEL  NUC8i7BE 00000040 AMI  00010013)
[    0.010472] ACPI: FIDT 0x000000007A1FEE70 00009C (v01 INTEL  NUC8i7BE 00000040 AMI  00010013)
[    0.010475] ACPI: MCFG 0x000000007A1FEF10 00003C (v01 INTEL  NUC8i7BE 00000040 MSFT 00000097)
[    0.010477] ACPI: SSDT 0x000000007A1FEF50 001B1C (v02 INTEL  NUC8i7BE 00000040 INTL 20160527)
[    0.010479] ACPI: SSDT 0x000000007A200A70 0031C6 (v02 INTEL  NUC8i7BE 00000040 INTL 20160527)
[    0.010481] ACPI: HPET 0x000000007A203C38 000038 (v01 INTEL  NUC8i7BE 00000040      01000013)
[    0.010484] ACPI: SSDT 0x000000007A203C70 000FAE (v02 INTEL  NUC8i7BE 00000040 INTL 20160527)
[    0.010486] ACPI: SSDT 0x000000007A204C20 003048 (v02 INTEL  NUC8i7BE 00000040 INTL 20160527)
[    0.010488] ACPI: UEFI 0x000000007A207C68 000042 (v01 INTEL  NUC8i7BE 00000040      01000013)
[    0.010490] ACPI: LPIT 0x000000007A207CB0 00005C (v01 INTEL  NUC8i7BE 00000040      01000013)
[    0.010493] ACPI: SSDT 0x000000007A207D10 0027DE (v02 INTEL  NUC8i7BE 00000040 INTL 20160527)
[    0.010495] ACPI: SSDT 0x000000007A20A4F0 0008B8 (v02 INTEL  NUC8i7BE 00000040 INTL 20160527)
[    0.010497] ACPI: DBGP 0x000000007A20ADA8 000034 (v01 INTEL  NUC8i7BE 00000040      01000013)
[    0.010499] ACPI: DBG2 0x000000007A20ADE0 000054 (v00 INTEL  NUC8i7BE 00000040      01000013)
[    0.010501] ACPI: DMAR 0x000000007A20AE38 0000A8 (v01 INTEL  NUC8i7BE 00000040      01000013)
[    0.010504] ACPI: SSDT 0x000000007A20AEE0 000144 (v02 INTEL  NUC8i7BE 00000040 INTL 20160527)
[    0.010506] ACPI: NHLT 0x000000007A20B028 00002D (v00 INTEL  NUC8i7BE 00000040      01000013)
[    0.010508] ACPI: TPM2 0x000000007A20B058 000034 (v04 INTEL  NUC8i7BE 00000040 AMI  00000000)
[    0.010510] ACPI: WSMT 0x000000007A20B090 000028 (v01 INTEL  NUC8i7BE 00000040 AMI  00010013)
[    0.010518] ACPI: Local APIC address 0xfee00000
[    0.010736] No NUMA configuration found
[    0.010737] Faking a node at [mem 0x0000000000000000-0x000000027dffffff]
[    0.010745] NODE_DATA(0) allocated [mem 0x27dfd5000-0x27dffffff]
[    0.010918] Zone ranges:
[    0.010919]   DMA      [mem 0x0000000000001000-0x0000000000ffffff]
[    0.010920]   DMA32    [mem 0x0000000001000000-0x00000000ffffffff]
[    0.010921]   Normal   [mem 0x0000000100000000-0x000000027dffffff]
[    0.010922]   Device   empty
[    0.010923] Movable zone start for each node
[    0.010926] Early memory node ranges
[    0.010926]   node   0: [mem 0x0000000000001000-0x000000000009efff]
[    0.010927]   node   0: [mem 0x0000000000100000-0x0000000079d37fff]
[    0.010927]   node   0: [mem 0x000000007ac0e000-0x000000007ac0efff]
[    0.010928]   node   0: [mem 0x0000000100000000-0x000000027dffffff]
[    0.011281] Zeroed struct page in unavailable ranges: 25385 pages
[    0.011282] Initmem setup node 0 [mem 0x0000000000001000-0x000000027dffffff]
[    0.011283] On node 0 totalpages: 2063575
[    0.011284]   DMA zone: 64 pages used for memmap
[    0.011285]   DMA zone: 21 pages reserved
[    0.011285]   DMA zone: 3998 pages, LIFO batch:0
[    0.011373]   DMA32 zone: 7733 pages used for memmap
[    0.011374]   DMA32 zone: 494905 pages, LIFO batch:63
[    0.023787]   Normal zone: 24448 pages used for memmap
[    0.023788]   Normal zone: 1564672 pages, LIFO batch:63
[    0.056607] Reserving Intel graphics memory at [mem 0x7c000000-0x7fffffff]
[    0.057111] ACPI: PM-Timer IO Port: 0x1808
[    0.057112] ACPI: Local APIC address 0xfee00000
[    0.057118] ACPI: LAPIC_NMI (acpi_id[0x01] high edge lint[0x1])
[    0.057119] ACPI: LAPIC_NMI (acpi_id[0x02] high edge lint[0x1])
[    0.057120] ACPI: LAPIC_NMI (acpi_id[0x03] high edge lint[0x1])
[    0.057120] ACPI: LAPIC_NMI (acpi_id[0x04] high edge lint[0x1])
[    0.057121] ACPI: LAPIC_NMI (acpi_id[0x05] high edge lint[0x1])
[    0.057121] ACPI: LAPIC_NMI (acpi_id[0x06] high edge lint[0x1])
[    0.057121] ACPI: LAPIC_NMI (acpi_id[0x07] high edge lint[0x1])
[    0.057122] ACPI: LAPIC_NMI (acpi_id[0x08] high edge lint[0x1])
[    0.057160] IOAPIC[0]: apic_id 2, version 32, address 0xfec00000, GSI 0-119
[    0.057162] ACPI: INT_SRC_OVR (bus 0 bus_irq 0 global_irq 2 dfl dfl)
[    0.057163] ACPI: INT_SRC_OVR (bus 0 bus_irq 9 global_irq 9 high level)
[    0.057164] ACPI: IRQ0 used by override.
[    0.057165] ACPI: IRQ9 used by override.
[    0.057167] Using ACPI (MADT) for SMP configuration information
[    0.057168] ACPI: HPET id: 0x8086a201 base: 0xfed00000
[    0.057171] smpboot: Allowing 8 CPUs, 0 hotplug CPUs
[    0.057184] PM: Registered nosave memory: [mem 0x00000000-0x00000fff]
[    0.057185] PM: Registered nosave memory: [mem 0x0009f000-0x000fffff]
[    0.057186] PM: Registered nosave memory: [mem 0x6effd000-0x6effdfff]
[    0.057187] PM: Registered nosave memory: [mem 0x6f00d000-0x6f00dfff]
[    0.057188] PM: Registered nosave memory: [mem 0x79d38000-0x7a1a2fff]
[    0.057189] PM: Registered nosave memory: [mem 0x7a1a3000-0x7a21ffff]
[    0.057189] PM: Registered nosave memory: [mem 0x7a220000-0x7a2d0fff]
[    0.057190] PM: Registered nosave memory: [mem 0x7a2d1000-0x7ac0dfff]
[    0.057191] PM: Registered nosave memory: [mem 0x7ac0f000-0x7fffffff]
[    0.057191] PM: Registered nosave memory: [mem 0x80000000-0xdfffffff]
[    0.057192] PM: Registered nosave memory: [mem 0xe0000000-0xefffffff]
[    0.057192] PM: Registered nosave memory: [mem 0xf0000000-0xfdffffff]
[    0.057193] PM: Registered nosave memory: [mem 0xfe000000-0xfe010fff]
[    0.057193] PM: Registered nosave memory: [mem 0xfe011000-0xfebfffff]
[    0.057194] PM: Registered nosave memory: [mem 0xfec00000-0xfec00fff]
[    0.057194] PM: Registered nosave memory: [mem 0xfec01000-0xfecfffff]
[    0.057195] PM: Registered nosave memory: [mem 0xfed00000-0xfed03fff]
[    0.057195] PM: Registered nosave memory: [mem 0xfed04000-0xfedfffff]
[    0.057196] PM: Registered nosave memory: [mem 0xfee00000-0xfee00fff]
[    0.057196] PM: Registered nosave memory: [mem 0xfee01000-0xfeffffff]
[    0.057196] PM: Registered nosave memory: [mem 0xff000000-0xffffffff]
[    0.057198] [mem 0x80000000-0xdfffffff] available for PCI devices
[    0.057199] Booting paravirtualized kernel on bare hardware
[    0.057202] clocksource: refined-jiffies: mask: 0xffffffff max_cycles: 0xffffffff, max_idle_ns: 7645519600211568 ns
[    0.057211] random: get_random_bytes called from start_kernel+0x97/0x516 with crng_init=0
[    0.057216] setup_percpu: NR_CPUS:8192 nr_cpumask_bits:8 nr_cpu_ids:8 nr_node_ids:1
[    0.057413] percpu: Embedded 47 pages/cpu s155648 r8192 d28672 u262144
[    0.057418] pcpu-alloc: s155648 r8192 d28672 u262144 alloc=1*2097152
[    0.057418] pcpu-alloc: [0] 0 1 2 3 4 5 6 7 
[    0.057439] Built 1 zonelists, mobility grouping on.  Total pages: 2031309
[    0.057439] Policy zone: Normal
[    0.057440] Kernel command line: BOOT_IMAGE=/boot/vmlinuz-5.0.0-31-generic root=UUID=80301c26-d94c-4ee4-ae6f-47469a621f8b ro net.ifnames=0 biosdevname=0 quiet splash vt.handoff=1
[    0.061617] Calgary: detecting Calgary via BIOS EBDA area
[    0.061618] Calgary: Unable to locate Rio Grande table in EBDA - bailing!
[    0.083552] Memory: 7928048K/8254300K available (14339K kernel code, 2335K rwdata, 4404K rodata, 2588K init, 5192K bss, 326252K reserved, 0K cma-reserved)
[    0.083669] SLUB: HWalign=64, Order=0-3, MinObjects=0, CPUs=8, Nodes=1
[    0.083674] Kernel/User page tables isolation: enabled
[    0.083687] ftrace: allocating 41614 entries in 163 pages
[    0.100854] rcu: Hierarchical RCU implementation.
[    0.100856] rcu: 	RCU restricting CPUs from NR_CPUS=8192 to nr_cpu_ids=8.
[    0.100856] 	Tasks RCU enabled.
[    0.100857] rcu: RCU calculated value of scheduler-enlistment delay is 25 jiffies.
[    0.100858] rcu: Adjusting geometry for rcu_fanout_leaf=16, nr_cpu_ids=8
[    0.103324] NR_IRQS: 524544, nr_irqs: 2048, preallocated irqs: 16
[    0.103768] vt handoff: transparent VT on vt#1
[    0.103773] Console: colour dummy device 80x25
[    0.103777] printk: console [tty0] enabled
[    0.103793] ACPI: Core revision 20181213
[    0.104257] clocksource: hpet: mask: 0xffffffff max_cycles: 0xffffffff, max_idle_ns: 79635855245 ns
[    0.104309] hpet clockevent registered
[    0.104369] APIC: Switch to symmetric I/O mode setup
[    0.104371] DMAR: Host address width 39
[    0.104372] DMAR: DRHD base: 0x000000fed90000 flags: 0x0
[    0.104378] DMAR: dmar0: reg_base_addr fed90000 ver 1:0 cap 1c0000c40660462 ecap 19e2ff0505e
[    0.104379] DMAR: DRHD base: 0x000000fed91000 flags: 0x1
[    0.104382] DMAR: dmar1: reg_base_addr fed91000 ver 1:0 cap d2008c40660462 ecap f050da
[    0.104383] DMAR: RMRR base: 0x0000007a14e000 end: 0x0000007a16dfff
[    0.104384] DMAR: RMRR base: 0x0000007b800000 end: 0x0000007fffffff
[    0.104385] DMAR-IR: IOAPIC id 2 under DRHD base  0xfed91000 IOMMU 1
[    0.104386] DMAR-IR: HPET id 0 under DRHD base 0xfed91000
[    0.104387] DMAR-IR: Queued invalidation will be enabled to support x2apic and Intr-remapping.
[    0.106982] DMAR-IR: Enabled IRQ remapping in x2apic mode
[    0.106983] x2apic enabled
[    0.107010] Switched APIC routing to cluster x2apic.
[    0.112936] ..TIMER: vector=0x30 apic1=0 pin1=2 apic2=-1 pin2=-1
[    0.132329] clocksource: tsc-early: mask: 0xffffffffffffffff max_cycles: 0x2717868ea45, max_idle_ns: 440795316085 ns
[    0.132342] Calibrating delay loop (skipped), value calculated using timer frequency.. 5424.00 BogoMIPS (lpj=10848000)
[    0.132343] pid_max: default: 32768 minimum: 301
[    0.134805] LSM: Security Framework initializing
[    0.134814] Yama: becoming mindful.
[    0.134833] AppArmor: AppArmor initialized
[    0.136879] Dentry cache hash table entries: 1048576 (order: 11, 8388608 bytes)
[    0.137616] Inode-cache hash table entries: 524288 (order: 10, 4194304 bytes)
[    0.137642] Mount-cache hash table entries: 16384 (order: 5, 131072 bytes)
[    0.137659] Mountpoint-cache hash table entries: 16384 (order: 5, 131072 bytes)
[    0.137853] ENERGY_PERF_BIAS: Set to 'normal', was 'performance'
[    0.137854] ENERGY_PERF_BIAS: View and update with x86_energy_perf_policy(8)
[    0.137869] mce: CPU0: Thermal monitoring enabled (TM1)
[    0.137890] process: using mwait in idle threads
[    0.137892] Last level iTLB entries: 4KB 64, 2MB 8, 4MB 8
[    0.137893] Last level dTLB entries: 4KB 64, 2MB 0, 4MB 0, 1GB 4
[    0.137894] Spectre V1 : Mitigation: usercopy/swapgs barriers and __user pointer sanitization
[    0.137895] Spectre V2 : Mitigation: Full generic retpoline
[    0.137896] Spectre V2 : Spectre v2 / SpectreRSB mitigation: Filling RSB on context switch
[    0.137896] Spectre V2 : Enabling Restricted Speculation for firmware calls
[    0.137901] Spectre V2 : mitigation: Enabling conditional Indirect Branch Prediction Barrier
[    0.137902] Spectre V2 : User space: Mitigation: STIBP via seccomp and prctl
[    0.137903] Speculative Store Bypass: Mitigation: Speculative Store Bypass disabled via prctl and seccomp
[    0.137925] MDS: Mitigation: Clear CPU buffers
[    0.138165] Freeing SMP alternatives memory: 36K
[    0.140072] TSC deadline timer enabled
[    0.140077] smpboot: CPU0: Intel(R) Core(TM) i7-8559U CPU @ 2.70GHz (family: 0x6, model: 0x8e, stepping: 0xa)
[    0.140153] Performance Events: PEBS fmt3+, Skylake events, 32-deep LBR, full-width counters, Intel PMU driver.
[    0.140159] ... version:                4
[    0.140160] ... bit width:              48
[    0.140160] ... generic registers:      4
[    0.140161] ... value mask:             0000ffffffffffff
[    0.140161] ... max period:             00007fffffffffff
[    0.140162] ... fixed-purpose events:   3
[    0.140162] ... event mask:             000000070000000f
[    0.140197] rcu: Hierarchical SRCU implementation.
[    0.140331] random: crng done (trusting CPU's manufacturer)
[    0.140331] NMI watchdog: Enabled. Permanently consumes one hw-PMU counter.
[    0.140331] smp: Bringing up secondary CPUs ...
[    0.140331] x86: Booting SMP configuration:
[    0.140331] .... node  #0, CPUs:      #1 #2 #3 #4
[    0.145013] MDS CPU bug present and SMT on, data leak possible. See https://www.kernel.org/doc/html/latest/admin-guide/hw-vuln/mds.html for more details.
[    0.145013]  #5 #6 #7
[    0.145013] smp: Brought up 1 node, 8 CPUs
[    0.145013] smpboot: Max logical packages: 1
[    0.145013] smpboot: Total of 8 processors activated (43392.00 BogoMIPS)
[    0.148633] devtmpfs: initialized
[    0.148633] x86/mm: Memory block size: 128MB
[    0.148941] PM: Registering ACPI NVS region [mem 0x7a220000-0x7a2d0fff] (724992 bytes)
[    0.148941] clocksource: jiffies: mask: 0xffffffff max_cycles: 0xffffffff, max_idle_ns: 7645041785100000 ns
[    0.148941] futex hash table entries: 2048 (order: 5, 131072 bytes)
[    0.148941] pinctrl core: initialized pinctrl subsystem
[    0.148941] RTC time: 10:58:13, date: 2020-01-29
[    0.148941] NET: Registered protocol family 16
[    0.148941] audit: initializing netlink subsys (disabled)
[    0.148941] audit: type=2000 audit(1580295493.048:1): state=initialized audit_enabled=0 res=1
[    0.148941] EISA bus registered
[    0.148941] cpuidle: using governor ladder
[    0.148941] cpuidle: using governor menu
[    0.148941] ACPI FADT declares the system doesn't support PCIe ASPM, so disable it
[    0.148941] ACPI: bus type PCI registered
[    0.148941] acpiphp: ACPI Hot Plug PCI Controller Driver version: 0.5
[    0.148941] PCI: MMCONFIG for domain 0000 [bus 00-ff] at [mem 0xe0000000-0xefffffff] (base 0xe0000000)
[    0.148941] PCI: MMCONFIG at [mem 0xe0000000-0xefffffff] reserved in E820
[    0.148941] PCI: Using configuration type 1 for base access
[    0.149551] HugeTLB registered 1.00 GiB page size, pre-allocated 0 pages
[    0.149551] HugeTLB registered 2.00 MiB page size, pre-allocated 0 pages
[    0.149551] ACPI: Added _OSI(Module Device)
[    0.149551] ACPI: Added _OSI(Processor Device)
[    0.149551] ACPI: Added _OSI(3.0 _SCP Extensions)
[    0.149551] ACPI: Added _OSI(Processor Aggregator Device)
[    0.149551] ACPI: Added _OSI(Linux-Dell-Video)
[    0.149551] ACPI: Added _OSI(Linux-Lenovo-NV-HDMI-Audio)
[    0.149551] ACPI: Added _OSI(Linux-HPI-Hybrid-Graphics)
[    0.232780] ACPI: 8 ACPI AML tables successfully acquired and loaded
[    0.246738] ACPI: Dynamic OEM Table Load:
[    0.246743] ACPI: SSDT 0xFFFF8C1BB3EC1500 0000F4 (v02 PmRef  Cpu0Psd  00003000 INTL 20160527)
[    0.247238] ACPI: \_SB_.PR00: _OSC native thermal LVT Acked
[    0.249258] ACPI: Dynamic OEM Table Load:
[    0.249263] ACPI: SSDT 0xFFFF8C1BB3913C00 000400 (v02 PmRef  Cpu0Cst  00003001 INTL 20160527)
[    0.249907] ACPI: Dynamic OEM Table Load:
[    0.249911] ACPI: SSDT 0xFFFF8C1BB3999000 000626 (v02 PmRef  Cpu0Ist  00003000 INTL 20160527)
[    0.250655] ACPI: Dynamic OEM Table Load:
[    0.250658] ACPI: SSDT 0xFFFF8C1BB3FA6800 00011B (v02 PmRef  Cpu0Hwp  00003000 INTL 20160527)
[    0.251172] ACPI: Dynamic OEM Table Load:
[    0.251176] ACPI: SSDT 0xFFFF8C1BB399E000 000724 (v02 PmRef  HwpLvt   00003000 INTL 20160527)
[    0.252032] ACPI: Dynamic OEM Table Load:
[    0.252037] ACPI: SSDT 0xFFFF8C1BB399D000 0005FC (v02 PmRef  ApIst    00003000 INTL 20160527)
[    0.252747] ACPI: Dynamic OEM Table Load:
[    0.252751] ACPI: SSDT 0xFFFF8C1BB3915C00 000317 (v02 PmRef  ApHwp    00003000 INTL 20160527)
[    0.253482] ACPI: Dynamic OEM Table Load:
[    0.253487] ACPI: SSDT 0xFFFF8C1BB3D0D000 000AB0 (v02 PmRef  ApPsd    00003000 INTL 20160527)
[    0.254843] ACPI: Dynamic OEM Table Load:
[    0.254847] ACPI: SSDT 0xFFFF8C1BB3914000 00030A (v02 PmRef  ApCst    00003000 INTL 20160527)
[    0.259655] ACPI: EC: EC started
[    0.259655] ACPI: EC: interrupt blocked
[    0.259686] ACPI: \_SB_.PCI0.LPCB.H_EC: Used as first EC
[    0.259687] ACPI: \_SB_.PCI0.LPCB.H_EC: GPE=0x14, EC_CMD/EC_SC=0x66, EC_DATA=0x62
[    0.259688] ACPI: \_SB_.PCI0.LPCB.H_EC: Used as boot DSDT EC to handle transactions
[    0.259689] ACPI: Interpreter enabled
[    0.259733] ACPI: (supports S0 S3 S4 S5)
[    0.259734] ACPI: Using IOAPIC for interrupt routing
[    0.259775] PCI: Using host bridge windows from ACPI; if necessary, use "pci=nocrs" and report a bug
[    0.261348] ACPI: Enabled 8 GPEs in block 00 to 7F
[    0.278206] ACPI: Power Resource [USBC] (on)
[    0.282085] ACPI: Power Resource [V0PR] (on)
[    0.282424] ACPI: Power Resource [V1PR] (on)
[    0.282424] ACPI: Power Resource [V2PR] (on)
[    0.286630] ACPI: Power Resource [WRST] (on)
[    0.292939] ACPI: Power Resource [FN00] (off)
[    0.293044] ACPI: Power Resource [FN01] (off)
[    0.293146] ACPI: Power Resource [FN02] (off)
[    0.293249] ACPI: Power Resource [FN03] (off)
[    0.293351] ACPI: Power Resource [FN04] (off)
[    0.294196] ACPI: Power Resource [PIN] (off)
[    0.294803] ACPI: PCI Root Bridge [PCI0] (domain 0000 [bus 00-fe])
[    0.294809] acpi PNP0A08:00: _OSC: OS supports [ExtendedConfig ASPM ClockPM Segments MSI]
[    0.296258] acpi PNP0A08:00: _OSC: platform does not support [AER]
[    0.298904] acpi PNP0A08:00: _OSC: OS now controls [PCIeHotplug SHPCHotplug PME PCIeCapability LTR]
[    0.298904] acpi PNP0A08:00: FADT indicates ASPM is unsupported, using BIOS configuration
[    0.300020] PCI host bridge to bus 0000:00
[    0.300022] pci_bus 0000:00: root bus resource [io  0x0000-0x0cf7 window]
[    0.300023] pci_bus 0000:00: root bus resource [io  0x0d00-0xffff window]
[    0.300024] pci_bus 0000:00: root bus resource [mem 0x000a0000-0x000bffff window]
[    0.300025] pci_bus 0000:00: root bus resource [mem 0x000e0000-0x000e3fff window]
[    0.300025] pci_bus 0000:00: root bus resource [mem 0x000e4000-0x000e7fff window]
[    0.300026] pci_bus 0000:00: root bus resource [mem 0x000e8000-0x000ebfff window]
[    0.300027] pci_bus 0000:00: root bus resource [mem 0x000ec000-0x000effff window]
[    0.300028] pci_bus 0000:00: root bus resource [mem 0x80000000-0xdfffffff window]
[    0.300029] pci_bus 0000:00: root bus resource [mem 0x4000000000-0x7fffffffff window]
[    0.300030] pci_bus 0000:00: root bus resource [mem 0xfc800000-0xfe7fffff window]
[    0.300031] pci_bus 0000:00: root bus resource [bus 00-fe]
[    0.300038] pci 0000:00:00.0: [8086:3ed0] type 00 class 0x060000
[    0.300500] pci 0000:00:02.0: [8086:3ea5] type 00 class 0x030000
[    0.300512] pci 0000:00:02.0: reg 0x10: [mem 0xbf000000-0xbfffffff 64bit]
[    0.300518] pci 0000:00:02.0: reg 0x18: [mem 0x80000000-0x8fffffff 64bit pref]
[    0.300523] pci 0000:00:02.0: reg 0x20: [io  0x4000-0x403f]
[    0.300726] pci 0000:00:08.0: [8086:1911] type 00 class 0x088000
[    0.300740] pci 0000:00:08.0: reg 0x10: [mem 0x404ac1a000-0x404ac1afff 64bit]
[    0.300946] pci 0000:00:12.0: [8086:9df9] type 00 class 0x118000
[    0.300971] pci 0000:00:12.0: reg 0x10: [mem 0x404ac19000-0x404ac19fff 64bit]
[    0.301202] pci 0000:00:14.0: [8086:9ded] type 00 class 0x0c0330
[    0.301221] pci 0000:00:14.0: reg 0x10: [mem 0x404ac00000-0x404ac0ffff 64bit]
[    0.301284] pci 0000:00:14.0: PME# supported from D3hot D3cold
[    0.301770] pci 0000:00:14.2: [8086:9def] type 00 class 0x050000
[    0.301791] pci 0000:00:14.2: reg 0x10: [mem 0x404ac14000-0x404ac15fff 64bit]
[    0.301802] pci 0000:00:14.2: reg 0x18: [mem 0x404ac18000-0x404ac18fff 64bit]
[    0.302040] pci 0000:00:14.3: [8086:9df0] type 00 class 0x028000
[    0.302169] pci 0000:00:14.3: reg 0x10: [mem 0x404ac10000-0x404ac13fff 64bit]
[    0.302663] pci 0000:00:14.3: PME# supported from D0 D3hot D3cold
[    0.302894] pci 0000:00:16.0: [8086:9de0] type 00 class 0x078000
[    0.302921] pci 0000:00:16.0: reg 0x10: [mem 0x404ac17000-0x404ac17fff 64bit]
[    0.303001] pci 0000:00:16.0: PME# supported from D3hot
[    0.303266] pci 0000:00:17.0: [8086:9dd3] type 00 class 0x010601
[    0.303285] pci 0000:00:17.0: reg 0x10: [mem 0xc0b24000-0xc0b25fff]
[    0.303294] pci 0000:00:17.0: reg 0x14: [mem 0xc0b27000-0xc0b270ff]
[    0.303303] pci 0000:00:17.0: reg 0x18: [io  0x4090-0x4097]
[    0.303312] pci 0000:00:17.0: reg 0x1c: [io  0x4080-0x4083]
[    0.303321] pci 0000:00:17.0: reg 0x20: [io  0x4060-0x407f]
[    0.303330] pci 0000:00:17.0: reg 0x24: [mem 0xc0b26000-0xc0b267ff]
[    0.303377] pci 0000:00:17.0: PME# supported from D3hot
[    0.303593] pci 0000:00:1c.0: [8086:9db8] type 01 class 0x060400
[    0.303674] pci 0000:00:1c.0: PME# supported from D0 D3hot D3cold
[    0.303918] pci 0000:00:1c.4: [8086:9dbc] type 01 class 0x060400
[    0.304099] pci 0000:00:1c.4: PME# supported from D0 D3hot D3cold
[    0.304121] pci 0000:00:1c.4: PTM enabled (root), 4dns granularity
[    0.304353] pci 0000:00:1d.0: [8086:9db0] type 01 class 0x060400
[    0.304441] pci 0000:00:1d.0: PME# supported from D0 D3hot D3cold
[    0.304459] pci 0000:00:1d.0: PTM enabled (root), 4dns granularity
[    0.304708] pci 0000:00:1d.6: [8086:9db6] type 01 class 0x060400
[    0.304883] pci 0000:00:1d.6: PME# supported from D0 D3hot D3cold
[    0.304904] pci 0000:00:1d.6: PTM enabled (root), 4dns granularity
[    0.305128] pci 0000:00:1f.0: [8086:9d84] type 00 class 0x060100
[    0.305504] pci 0000:00:1f.3: [8086:9dc8] type 00 class 0x040380
[    0.305569] pci 0000:00:1f.3: reg 0x10: [mem 0xc0b20000-0xc0b23fff 64bit]
[    0.305632] pci 0000:00:1f.3: reg 0x20: [mem 0x404ab00000-0x404abfffff 64bit]
[    0.305759] pci 0000:00:1f.3: PME# supported from D3hot D3cold
[    0.306623] pci 0000:00:1f.4: [8086:9da3] type 00 class 0x0c0500
[    0.306651] pci 0000:00:1f.4: reg 0x10: [mem 0x404ac16000-0x404ac160ff 64bit]
[    0.306681] pci 0000:00:1f.4: reg 0x20: [io  0xefa0-0xefbf]
[    0.306888] pci 0000:00:1f.5: [8086:9da4] type 00 class 0x0c8000
[    0.306905] pci 0000:00:1f.5: reg 0x10: [mem 0xfe010000-0xfe010fff]
[    0.307098] pci 0000:00:1f.6: [8086:15be] type 00 class 0x020000
[    0.307144] pci 0000:00:1f.6: reg 0x10: [mem 0xc0b00000-0xc0b1ffff]
[    0.307335] pci 0000:00:1f.6: PME# supported from D0 D3hot D3cold
[    0.307633] acpiphp: Slot [1] registered
[    0.307643] pci 0000:00:1c.0: PCI bridge to [bus 01]
[    0.307788] pci 0000:00:1c.4: PCI bridge to [bus 02-6c]
[    0.307794] pci 0000:00:1c.4:   bridge window [mem 0x90000000-0xbe0fffff]
[    0.307798] pci 0000:00:1c.4:   bridge window [mem 0x4000000000-0x4049ffffff 64bit pref]
[    0.307998] pci 0000:6d:00.0: [8086:f1a8] type 00 class 0x010802
[    0.308031] pci 0000:6d:00.0: reg 0x10: [mem 0xc0a00000-0xc0a03fff 64bit]
[    0.308326] pci 0000:00:1d.0: PCI bridge to [bus 6d]
[    0.308330] pci 0000:00:1d.0:   bridge window [mem 0xc0a00000-0xc0afffff]
[    0.308548] pci 0000:6e:00.0: [10ec:522a] type 00 class 0xff0000
[    0.308577] pci 0000:6e:00.0: reg 0x10: [mem 0xc0000000-0xc0000fff]
[    0.308716] pci 0000:6e:00.0: supports D1 D2
[    0.308717] pci 0000:6e:00.0: PME# supported from D1 D2 D3hot D3cold
[    0.308889] pci 0000:00:1d.6: ASPM: current common clock configuration is broken, reconfiguring
[    0.324454] pci 0000:00:1d.6: PCI bridge to [bus 6e]
[    0.324456] pci 0000:00:1d.6:   bridge window [io  0x3000-0x3fff]
[    0.324458] pci 0000:00:1d.6:   bridge window [mem 0xc0000000-0xc09fffff]
[    0.324462] pci 0000:00:1d.6:   bridge window [mem 0x404a100000-0x404aafffff 64bit pref]
[    0.326393] ACPI: PCI Interrupt Link [LNKA] (IRQs 3 4 5 6 10 11 12 14 15) *0
[    0.326496] ACPI: PCI Interrupt Link [LNKB] (IRQs 3 4 5 6 10 11 12 14 15) *1
[    0.326596] ACPI: PCI Interrupt Link [LNKC] (IRQs 3 4 5 6 10 11 12 14 15) *0
[    0.326696] ACPI: PCI Interrupt Link [LNKD] (IRQs 3 4 5 6 10 11 12 14 15) *0
[    0.326796] ACPI: PCI Interrupt Link [LNKE] (IRQs 3 4 5 6 10 11 12 14 15) *0
[    0.326896] ACPI: PCI Interrupt Link [LNKF] (IRQs 3 4 5 6 10 11 12 14 15) *0
[    0.326996] ACPI: PCI Interrupt Link [LNKG] (IRQs 3 4 5 6 10 11 12 14 15) *0
[    0.327096] ACPI: PCI Interrupt Link [LNKH] (IRQs 3 4 5 6 10 11 12 14 15) *0
[    0.328332] ACPI: EC: interrupt unblocked
[    0.328332] ACPI: EC: event unblocked
[    0.328332] ACPI: \_SB_.PCI0.LPCB.H_EC: GPE=0x14, EC_CMD/EC_SC=0x66, EC_DATA=0x62
[    0.328332] ACPI: \_SB_.PCI0.LPCB.H_EC: Used as boot DSDT EC to handle transactions and events
[    0.328466] SCSI subsystem initialized
[    0.328477] libata version 3.00 loaded.
[    0.328477] pci 0000:00:02.0: vgaarb: setting as boot VGA device
[    0.328477] pci 0000:00:02.0: vgaarb: VGA device added: decodes=io+mem,owns=io+mem,locks=none
[    0.328477] pci 0000:00:02.0: vgaarb: bridge control possible
[    0.328477] vgaarb: loaded
[    0.328477] ACPI: bus type USB registered
[    0.328477] usbcore: registered new interface driver usbfs
[    0.328477] usbcore: registered new interface driver hub
[    0.328477] usbcore: registered new device driver usb
[    0.328477] pps_core: LinuxPPS API ver. 1 registered
[    0.328477] pps_core: Software ver. 5.3.6 - Copyright 2005-2007 Rodolfo Giometti <giometti@linux.it>
[    0.328477] PTP clock support registered
[    0.332345] EDAC MC: Ver: 3.0.0
[    0.332560] Registered efivars operations
[    0.352527] PCI: Using ACPI for IRQ routing
[    0.377575] PCI: pci_cache_line_size set to 64 bytes
[    0.377893] e820: reserve RAM buffer [mem 0x0009f000-0x0009ffff]
[    0.377894] e820: reserve RAM buffer [mem 0x6effd018-0x6fffffff]
[    0.377895] e820: reserve RAM buffer [mem 0x79d38000-0x7bffffff]
[    0.377895] e820: reserve RAM buffer [mem 0x7ac0f000-0x7bffffff]
[    0.377896] e820: reserve RAM buffer [mem 0x27e000000-0x27fffffff]
[    0.380332] NetLabel: Initializing
[    0.380332] NetLabel:  domain hash size = 128
[    0.380332] NetLabel:  protocols = UNLABELED CIPSOv4 CALIPSO
[    0.380332] NetLabel:  unlabeled traffic allowed by default
[    0.380889] hpet0: at MMIO 0xfed00000, IRQs 2, 8, 0, 0, 0, 0, 0, 0
[    0.380892] hpet0: 8 comparators, 64-bit 24.000000 MHz counter
[    0.385379] clocksource: Switched to clocksource tsc-early
[    0.394392] VFS: Disk quotas dquot_6.6.0
[    0.394405] VFS: Dquot-cache hash table entries: 512 (order 0, 4096 bytes)
[    0.394497] AppArmor: AppArmor Filesystem Enabled
[    0.394515] pnp: PnP ACPI init
[    0.394590] system 00:00: [mem 0x40000000-0x403fffff] could not be reserved
[    0.394594] system 00:00: Plug and Play ACPI device, IDs PNP0c02 (active)
[    0.395025] system 00:01: [io  0x0a00-0x0a1f] has been reserved
[    0.395026] system 00:01: [io  0x0a20-0x0a2f] has been reserved
[    0.395027] system 00:01: [io  0x0a30-0x0a3f] has been reserved
[    0.395028] system 00:01: [io  0x0a40-0x0a4f] has been reserved
[    0.395029] system 00:01: [io  0x0a50-0x0a5f] has been reserved
[    0.395030] system 00:01: [io  0x0a60-0x0a6f] has been reserved
[    0.395032] system 00:01: Plug and Play ACPI device, IDs PNP0c02 (active)
[    0.395301] system 00:02: [io  0x0680-0x069f] has been reserved
[    0.395302] system 00:02: [io  0x164e-0x164f] has been reserved
[    0.395305] system 00:02: Plug and Play ACPI device, IDs PNP0c02 (active)
[    0.395436] system 00:03: [io  0x1854-0x1857] has been reserved
[    0.395439] system 00:03: Plug and Play ACPI device, IDs INT3f0d PNP0c02 (active)
[    0.395676] system 00:04: [mem 0xfed10000-0xfed17fff] has been reserved
[    0.395677] system 00:04: [mem 0xfed18000-0xfed18fff] has been reserved
[    0.395678] system 00:04: [mem 0xfed19000-0xfed19fff] has been reserved
[    0.395679] system 00:04: [mem 0xe0000000-0xefffffff] has been reserved
[    0.395680] system 00:04: [mem 0xfed20000-0xfed3ffff] has been reserved
[    0.395682] system 00:04: [mem 0xfed90000-0xfed93fff] could not be reserved
[    0.395683] system 00:04: [mem 0xfed45000-0xfed8ffff] has been reserved
[    0.395684] system 00:04: [mem 0xfee00000-0xfeefffff] could not be reserved
[    0.395686] system 00:04: Plug and Play ACPI device, IDs PNP0c02 (active)
[    0.395948] system 00:05: [io  0x1800-0x18fe] could not be reserved
[    0.395949] system 00:05: [mem 0xfd000000-0xfd69ffff] has been reserved
[    0.395950] system 00:05: [mem 0xfd6b0000-0xfd6cffff] has been reserved
[    0.395951] system 00:05: [mem 0xfd6f0000-0xfdffffff] has been reserved
[    0.395952] system 00:05: [mem 0xfe000000-0xfe01ffff] could not be reserved
[    0.395953] system 00:05: [mem 0xfe200000-0xfe7fffff] has been reserved
[    0.395954] system 00:05: [mem 0xff000000-0xffffffff] has been reserved
[    0.395957] system 00:05: Plug and Play ACPI device, IDs PNP0c02 (active)
[    0.396309] system 00:06: [io  0x2000-0x20fe] has been reserved
[    0.396312] system 00:06: Plug and Play ACPI device, IDs PNP0c02 (active)
[    0.397615] system 00:07: Plug and Play ACPI device, IDs PNP0c02 (active)
[    0.398774] pnp: PnP ACPI: found 8 devices
[    0.404304] clocksource: acpi_pm: mask: 0xffffff max_cycles: 0xffffff, max_idle_ns: 2085701024 ns
[    0.404326] pci 0000:00:1c.4: bridge window [io  0x1000-0x0fff] to [bus 02-6c] add_size 1000
[    0.404348] pci 0000:00:1c.4: BAR 13: assigned [io  0x5000-0x5fff]
[    0.404349] pci 0000:00:1c.0: PCI bridge to [bus 01]
[    0.404366] pci 0000:00:1c.4: PCI bridge to [bus 02-6c]
[    0.404369] pci 0000:00:1c.4:   bridge window [io  0x5000-0x5fff]
[    0.404373] pci 0000:00:1c.4:   bridge window [mem 0x90000000-0xbe0fffff]
[    0.404375] pci 0000:00:1c.4:   bridge window [mem 0x4000000000-0x4049ffffff 64bit pref]
[    0.404380] pci 0000:00:1d.0: PCI bridge to [bus 6d]
[    0.404383] pci 0000:00:1d.0:   bridge window [mem 0xc0a00000-0xc0afffff]
[    0.404389] pci 0000:00:1d.6: PCI bridge to [bus 6e]
[    0.404390] pci 0000:00:1d.6:   bridge window [io  0x3000-0x3fff]
[    0.404393] pci 0000:00:1d.6:   bridge window [mem 0xc0000000-0xc09fffff]
[    0.404396] pci 0000:00:1d.6:   bridge window [mem 0x404a100000-0x404aafffff 64bit pref]
[    0.404401] pci_bus 0000:00: resource 4 [io  0x0000-0x0cf7 window]
[    0.404402] pci_bus 0000:00: resource 5 [io  0x0d00-0xffff window]
[    0.404403] pci_bus 0000:00: resource 6 [mem 0x000a0000-0x000bffff window]
[    0.404404] pci_bus 0000:00: resource 7 [mem 0x000e0000-0x000e3fff window]
[    0.404404] pci_bus 0000:00: resource 8 [mem 0x000e4000-0x000e7fff window]
[    0.404405] pci_bus 0000:00: resource 9 [mem 0x000e8000-0x000ebfff window]
[    0.404406] pci_bus 0000:00: resource 10 [mem 0x000ec000-0x000effff window]
[    0.404407] pci_bus 0000:00: resource 11 [mem 0x80000000-0xdfffffff window]
[    0.404408] pci_bus 0000:00: resource 12 [mem 0x4000000000-0x7fffffffff window]
[    0.404409] pci_bus 0000:00: resource 13 [mem 0xfc800000-0xfe7fffff window]
[    0.404410] pci_bus 0000:02: resource 0 [io  0x5000-0x5fff]
[    0.404411] pci_bus 0000:02: resource 1 [mem 0x90000000-0xbe0fffff]
[    0.404411] pci_bus 0000:02: resource 2 [mem 0x4000000000-0x4049ffffff 64bit pref]
[    0.404412] pci_bus 0000:6d: resource 1 [mem 0xc0a00000-0xc0afffff]
[    0.404413] pci_bus 0000:6e: resource 0 [io  0x3000-0x3fff]
[    0.404414] pci_bus 0000:6e: resource 1 [mem 0xc0000000-0xc09fffff]
[    0.404415] pci_bus 0000:6e: resource 2 [mem 0x404a100000-0x404aafffff 64bit pref]
[    0.404598] NET: Registered protocol family 2
[    0.404710] tcp_listen_portaddr_hash hash table entries: 4096 (order: 4, 65536 bytes)
[    0.404739] TCP established hash table entries: 65536 (order: 7, 524288 bytes)
[    0.404869] TCP bind hash table entries: 65536 (order: 8, 1048576 bytes)
[    0.405101] TCP: Hash tables configured (established 65536 bind 65536)
[    0.405135] UDP hash table entries: 4096 (order: 5, 131072 bytes)
[    0.405166] UDP-Lite hash table entries: 4096 (order: 5, 131072 bytes)
[    0.405240] NET: Registered protocol family 1
[    0.405244] NET: Registered protocol family 44
[    0.405252] pci 0000:00:02.0: Video device with shadowed ROM at [mem 0x000c0000-0x000dffff]
[    0.405693] PCI: CLS 64 bytes, default 64
[    0.405721] Unpacking initramfs...
[    0.925439] Freeing initrd memory: 39332K
[    0.956392] PCI-DMA: Using software bounce buffering for IO (SWIOTLB)
[    0.956393] software IO TLB: mapped [mem 0x739f4000-0x779f4000] (64MB)
[    0.956579] clocksource: tsc: mask: 0xffffffffffffffff max_cycles: 0x2717868ea45, max_idle_ns: 440795316085 ns
[    0.956594] clocksource: Switched to clocksource tsc
[    0.956621] platform rtc_cmos: registered platform RTC device (no PNP device found)
[    0.956714] check: Scanning for low memory corruption every 60 seconds
[    0.958219] Initialise system trusted keyrings
[    0.958228] Key type blacklist registered
[    0.958247] workingset: timestamp_bits=36 max_order=21 bucket_order=0
[    0.959360] zbud: loaded
[    0.959742] squashfs: version 4.0 (2009/01/31) Phillip Lougher
[    0.959906] fuse init (API version 7.28)
[    0.991953] Key type asymmetric registered
[    0.991954] Asymmetric key parser 'x509' registered
[    0.991962] Block layer SCSI generic (bsg) driver version 0.4 loaded (major 243)
[    0.991994] io scheduler mq-deadline registered
[    0.992216] pcieport 0000:00:1c.0: Signaling PME with IRQ 122
[    0.992523] pcieport 0000:00:1c.4: Signaling PME with IRQ 123
[    0.992549] pciehp 0000:00:1c.4:pcie004: Slot #8 AttnBtn- PwrCtrl- MRL- AttnInd- PwrInd- HotPlug+ Surprise+ Interlock- NoCompl+ LLActRep+
[    0.992842] pcieport 0000:00:1d.0: Signaling PME with IRQ 124
[    0.993066] pcieport 0000:00:1d.6: Signaling PME with IRQ 125
[    0.993091] pciehp 0000:00:1d.6:pcie004: Slot #18 AttnBtn- PwrCtrl- MRL- AttnInd- PwrInd- HotPlug+ Surprise+ Interlock- NoCompl+ LLActRep+
[    0.993187] shpchp: Standard Hot Plug PCI Controller Driver version: 0.4
[    0.993243] intel_idle: MWAIT substates: 0x11142120
[    0.993244] intel_idle: v0.4.1 model 0x8E
[    0.993680] intel_idle: lapic_timer_reliable_states 0xffffffff
[    0.993854] input: Sleep Button as /devices/LNXSYSTM:00/LNXSYBUS:00/PNP0C0E:00/input/input0
[    0.993860] ACPI: Sleep Button [SLPB]
[    0.993886] input: Power Button as /devices/LNXSYSTM:00/LNXSYBUS:00/PNP0C0C:00/input/input1
[    0.993891] ACPI: Power Button [PWRB]
[    0.993914] input: Power Button as /devices/LNXSYSTM:00/LNXPWRBN:00/input/input2
[    0.993961] ACPI: Power Button [PWRF]
[    1.054323] thermal LNXTHERM:00: registered as thermal_zone0
[    1.054324] ACPI: Thermal Zone [TZ0] (-263 C)
[    1.112958] thermal LNXTHERM:01: registered as thermal_zone1
[    1.112959] ACPI: Thermal Zone [TZ00] (28 C)
[    1.113256] Serial: 8250/16550 driver, 32 ports, IRQ sharing enabled
[    1.115171] Linux agpgart interface v0.103
[    1.125873] loop: module loaded
[    1.126061] libphy: Fixed MDIO Bus: probed
[    1.126062] tun: Universal TUN/TAP device driver, 1.6
[    1.126082] PPP generic driver version 2.4.2
[    1.126114] ehci_hcd: USB 2.0 'Enhanced' Host Controller (EHCI) Driver
[    1.126116] ehci-pci: EHCI PCI platform driver
[    1.126123] ehci-platform: EHCI generic platform driver
[    1.126130] ohci_hcd: USB 1.1 'Open' Host Controller (OHCI) Driver
[    1.126131] ohci-pci: OHCI PCI platform driver
[    1.126140] ohci-platform: OHCI generic platform driver
[    1.126146] uhci_hcd: USB Universal Host Controller Interface driver
[    1.126314] xhci_hcd 0000:00:14.0: xHCI Host Controller
[    1.126318] xhci_hcd 0000:00:14.0: new USB bus registered, assigned bus number 1
[    1.127393] xhci_hcd 0000:00:14.0: hcc params 0x200077c1 hci version 0x110 quirks 0x0000000000009810
[    1.127397] xhci_hcd 0000:00:14.0: cache line size of 64 is not supported
[    1.127574] usb usb1: New USB device found, idVendor=1d6b, idProduct=0002, bcdDevice= 5.00
[    1.127575] usb usb1: New USB device strings: Mfr=3, Product=2, SerialNumber=1
[    1.127576] usb usb1: Product: xHCI Host Controller
[    1.127577] usb usb1: Manufacturer: Linux 5.0.0-31-generic xhci-hcd
[    1.127577] usb usb1: SerialNumber: 0000:00:14.0
[    1.127686] hub 1-0:1.0: USB hub found
[    1.127703] hub 1-0:1.0: 12 ports detected
[    1.129022] xhci_hcd 0000:00:14.0: xHCI Host Controller
[    1.129024] xhci_hcd 0000:00:14.0: new USB bus registered, assigned bus number 2
[    1.129026] xhci_hcd 0000:00:14.0: Host supports USB 3.0 SuperSpeed
[    1.129057] usb usb2: New USB device found, idVendor=1d6b, idProduct=0003, bcdDevice= 5.00
[    1.129058] usb usb2: New USB device strings: Mfr=3, Product=2, SerialNumber=1
[    1.129058] usb usb2: Product: xHCI Host Controller
[    1.129059] usb usb2: Manufacturer: Linux 5.0.0-31-generic xhci-hcd
[    1.129060] usb usb2: SerialNumber: 0000:00:14.0
[    1.129162] hub 2-0:1.0: USB hub found
[    1.129174] hub 2-0:1.0: 6 ports detected
[    1.129797] usb: port power management may be unreliable
[    1.129889] i8042: PNP: No PS/2 controller found.
[    1.129889] i8042: Probing ports directly.
[    1.996385] usb 1-2: new high-speed USB device number 2 using xhci_hcd
[    2.144683] usb 1-2: New USB device found, idVendor=164c, idProduct=0101, bcdDevice=40.bd
[    2.144685] usb 1-2: New USB device strings: Mfr=0, Product=0, SerialNumber=0
[    2.272490] usb 2-4: new SuperSpeed Gen 1 USB device number 2 using xhci_hcd
[    2.293373] usb 2-4: New USB device found, idVendor=8086, idProduct=0b3a, bcdDevice=50.b6
[    2.293375] usb 2-4: New USB device strings: Mfr=1, Product=2, SerialNumber=3
[    2.293376] usb 2-4: Product: Intel(R) RealSense(TM) Depth Camera 435i
[    2.293377] usb 2-4: Manufacturer: Intel(R) RealSense(TM) Depth Camera 435i
[    2.293377] usb 2-4: SerialNumber: 915323051136
[    2.398437] i8042: No controller found
[    2.398567] mousedev: PS/2 mouse device common for all mice
[    2.398873] rtc_cmos rtc_cmos: RTC can wake from S4
[    2.399677] rtc_cmos rtc_cmos: registered as rtc0
[    2.399688] rtc_cmos rtc_cmos: alarms up to one month, y3k, 114 bytes nvram, hpet irqs
[    2.399693] i2c /dev entries driver
[    2.399762] device-mapper: uevent: version 1.0.3
[    2.399843] device-mapper: ioctl: 4.39.0-ioctl (2018-04-03) initialised: dm-devel@redhat.com
[    2.399858] platform eisa.0: Probing EISA bus 0
[    2.399859] platform eisa.0: EISA: Cannot allocate resource for mainboard
[    2.399861] platform eisa.0: Cannot allocate resource for EISA slot 1
[    2.399861] platform eisa.0: Cannot allocate resource for EISA slot 2
[    2.399862] platform eisa.0: Cannot allocate resource for EISA slot 3
[    2.399863] platform eisa.0: Cannot allocate resource for EISA slot 4
[    2.399864] platform eisa.0: Cannot allocate resource for EISA slot 5
[    2.399864] platform eisa.0: Cannot allocate resource for EISA slot 6
[    2.399865] platform eisa.0: Cannot allocate resource for EISA slot 7
[    2.399866] platform eisa.0: Cannot allocate resource for EISA slot 8
[    2.399867] platform eisa.0: EISA: Detected 0 cards
[    2.399869] intel_pstate: Intel P-state driver initializing
[    2.400558] intel_pstate: HWP enabled
[    2.400662] ledtrig-cpu: registered to indicate activity on CPUs
[    2.400663] EFI Variables Facility v0.08 2004-May-17
[    2.420401] usb 1-6: new full-speed USB device number 3 using xhci_hcd
[    2.425298] intel_pmc_core:  initialized
[    2.425470] NET: Registered protocol family 10
[    2.428763] Segment Routing with IPv6
[    2.428776] NET: Registered protocol family 17
[    2.428794] Key type dns_resolver registered
[    2.429214] mce: Using 11 MCE banks
[    2.429220] RAS: Correctable Errors collector initialized.
[    2.429268] microcode: sig=0x806ea, pf=0x40, revision=0xb4
[    2.429471] microcode: Microcode Update Driver: v2.2.
[    2.429478] sched_clock: Marking stable (2432887508, -3418170)->(2442261158, -12791820)
[    2.429759] registered taskstats version 1
[    2.429766] Loading compiled-in X.509 certificates
[    2.430730] Loaded X.509 cert 'Build time autogenerated kernel key: f741e70acbe36b1401547c35fc32f1bcdd446f7a'
[    2.431493] Loaded UEFI:db cert 'Microsoft Corporation UEFI CA 2011: 13adbf4309bd82709c8cd54f316ed522988a1bd4' linked to secondary sys keyring
[    2.431503] Loaded UEFI:db cert 'Microsoft Windows Production PCA 2011: a92902398e16c49778cd90f99e4f9ae17c55af53' linked to secondary sys keyring
[    2.432439] Loaded UEFI:db cert 'CISD FW Update - Certificate: 068268b4a41c93854262d49b4f788f13' linked to secondary sys keyring
[    2.432725] Couldn't get size: 0x800000000000000e
[    2.432726] MODSIGN: Couldn't get UEFI MokListRT
[    2.433335] zswap: loaded using pool lzo/zbud
[    2.436580] Key type big_key registered
[    2.436581] Key type trusted registered
[    2.438353] Key type encrypted registered
[    2.438355] AppArmor: AppArmor sha1 policy hashing enabled
[    2.440284] ima: Allocated hash algorithm: sha1
[    2.469782] No architecture policies found
[    2.469802] evm: Initialising EVM extended attributes:
[    2.469802] evm: security.selinux
[    2.469803] evm: security.SMACK64
[    2.469803] evm: security.SMACK64EXEC
[    2.469803] evm: security.SMACK64TRANSMUTE
[    2.469804] evm: security.SMACK64MMAP
[    2.469804] evm: security.apparmor
[    2.469804] evm: security.ima
[    2.469804] evm: security.capability
[    2.469805] evm: HMAC attrs: 0x1
[    2.471137]   Magic number: 4:650:983
[    2.471170] platform PNP0C14:00: hash matches
[    2.471175] acpi PNP0C14:00: hash matches
[    2.471452] rtc_cmos rtc_cmos: setting system clock to 2020-01-29T10:58:15 UTC (1580295495)
[    2.471634] Lockdown: swapper/0: Hibernation is restricted; see man kernel_lockdown.7
[    2.472344] Freeing unused decrypted memory: 2040K
[    2.472682] Freeing unused kernel image memory: 2588K
[    2.492457] Write protecting the kernel read-only data: 22528k
[    2.493080] Freeing unused kernel image memory: 2016K
[    2.493444] Freeing unused kernel image memory: 1740K
[    2.498743] x86/mm: Checked W+X mappings: passed, no W+X pages found.
[    2.498745] x86/mm: Checking user space page tables
[    2.503702] x86/mm: Checked W+X mappings: passed, no W+X pages found.
[    2.503703] Run /init as init process
[    2.558902] acpi PNP0C14:02: duplicate WMI GUID 05901221-D566-11D1-B2F0-00A0C9062910 (first instance was on PNP0C14:01)
[    2.558942] acpi PNP0C14:03: duplicate WMI GUID 05901221-D566-11D1-B2F0-00A0C9062910 (first instance was on PNP0C14:01)
[    2.562166] hidraw: raw HID events driver (C) Jiri Kosina
[    2.562703] e1000e: Intel(R) PRO/1000 Network Driver - 3.2.6-k
[    2.562703] e1000e: Copyright(c) 1999 - 2015 Intel Corporation.
[    2.562943] e1000e 0000:00:1f.6: Interrupt Throttling Rate (ints/sec) set to dynamic conservative mode
[    2.564056] usbcore: registered new interface driver usbhid
[    2.564056] usbhid: USB HID core driver
[    2.564357] nvme nvme0: pci function 0000:6d:00.0
[    2.566000] ahci 0000:00:17.0: version 3.0
[    2.566191] ahci 0000:00:17.0: AHCI 0001.0301 32 slots 1 ports 6 Gbps 0x4 impl SATA mode
[    2.566193] ahci 0000:00:17.0: flags: 64bit ncq sntf pm clo only pio slum part deso sadm sds apst 
[    2.566650] scsi host0: ahci
[    2.569470] scsi host1: ahci
[    2.569562] scsi host2: ahci
[    2.569600] ata1: DUMMY
[    2.569601] ata2: DUMMY
[    2.569605] ata3: SATA max UDMA/133 abar m2048@0xc0b26000 port 0xc0b26200 irq 130
[    2.573767] usb 1-6: New USB device found, idVendor=0403, idProduct=6001, bcdDevice= 6.00
[    2.573768] usb 1-6: New USB device strings: Mfr=1, Product=2, SerialNumber=3
[    2.573768] usb 1-6: Product: FT232R USB UART
[    2.573769] usb 1-6: Manufacturer: FTDI
[    2.573769] usb 1-6: SerialNumber: 00000000
[    2.576257] hid-generic 0003:8086:0B3A.0001: hiddev0,hidraw0: USB HID v1.10 Device [Intel(R) RealSense(TM) Depth Camera 435i Intel(R) RealSense(TM) Depth Camera 435i] on usb-0000:00:14.0-4/input5
[    2.704389] usb 1-10: new full-speed USB device number 4 using xhci_hcd
[    2.774726] e1000e 0000:00:1f.6 0000:00:1f.6 (uninitialized): registered PHC clock
[    2.783279] nvme nvme0: 8/0/0 default/read/poll queues
[    2.784377]  nvme0n1: p1 p2
[    2.848772] e1000e 0000:00:1f.6 eth0: (PCI Express:2.5GT/s:Width x1) 1c:69:7a:02:55:b1
[    2.848773] e1000e 0000:00:1f.6 eth0: Intel(R) PRO/1000 Network Connection
[    2.848889] e1000e 0000:00:1f.6 eth0: MAC: 13, PHY: 12, PBA No: FFFFFF-0FF
[    2.854306] usb 1-10: New USB device found, idVendor=8087, idProduct=0aaa, bcdDevice= 0.02
[    2.854308] usb 1-10: New USB device strings: Mfr=0, Product=0, SerialNumber=0
[    2.888602] ata3: SATA link down (SStatus 4 SControl 300)
[    3.072880] EXT4-fs (nvme0n1p2): mounted filesystem with ordered data mode. Opts: (null)
[    3.212549] systemd[1]: systemd 237 running in system mode. (+PAM +AUDIT +SELINUX +IMA +APPARMOR +SMACK +SYSVINIT +UTMP +LIBCRYPTSETUP +GCRYPT +GNUTLS +ACL +XZ +LZ4 +SECCOMP +BLKID +ELFUTILS +KMOD -IDN2 +IDN -PCRE2 default-hierarchy=hybrid)
[    3.232897] systemd[1]: Detected architecture x86-64.
[    3.237374] systemd[1]: Set hostname to <uav60>.
[    3.237993] Lockdown: systemd: /dev/mem,kmem,port is restricted; see man kernel_lockdown.7
[    3.278263] Lockdown: systemd: BPF is restricted; see man kernel_lockdown.7
[    3.278267] systemd[1]: File /lib/systemd/system/systemd-journald.service:35 configures an IP firewall (IPAddressDeny=any), but the local system does not support BPF/cgroup based firewalling.
[    3.278269] systemd[1]: Proceeding WITHOUT firewalling in effect! (This warning is only shown for the first loaded unit using IP firewalling.)
[    3.336383] systemd[1]: Reached target User and Group Name Lookups.
[    3.336523] systemd[1]: Created slice System Slice.
[    3.336561] systemd[1]: Listening on /dev/initctl Compatibility Named Pipe.
[    3.336583] systemd[1]: Listening on udev Kernel Socket.
[    3.336641] systemd[1]: Created slice User and Session Slice.
[    3.345735] EXT4-fs (nvme0n1p2): re-mounted. Opts: errors=remount-ro
[    3.351542] lp: driver loaded but no devices found
[    3.353361] ppdev: user-space parallel port driver
[    3.383040] systemd-journald[348]: Received request to flush runtime journal from PID 1
[    3.424394] Adding 2097148k swap on /swapfile.  Priority:-2 extents:6 across:2260988k SSFS
[    3.556704] mei_me 0000:00:16.0: enabling device (0000 -> 0002)
[    3.561117] cfg80211: Loading compiled-in X.509 certificates for regulatory database
[    3.561312] cfg80211: Loaded X.509 cert 'sforshee: 00b28ddf47aef9cea7'
[    3.609526] media: Linux media interface: v0.10
[    3.609571] usbcore: registered new interface driver usbserial_generic
[    3.609575] usbserial: USB Serial support registered for generic
[    3.609801] RAPL PMU: API unit is 2^-32 Joules, 5 fixed counters, 655360 ms ovfl timer
[    3.609801] RAPL PMU: hw unit of domain pp0-core 2^-14 Joules
[    3.609802] RAPL PMU: hw unit of domain package 2^-14 Joules
[    3.609802] RAPL PMU: hw unit of domain dram 2^-14 Joules
[    3.609803] RAPL PMU: hw unit of domain pp1-gpu 2^-14 Joules
[    3.609803] RAPL PMU: hw unit of domain psys 2^-14 Joules
[    3.611334] Intel(R) Wireless WiFi driver for Linux
[    3.611334] Copyright(c) 2003- 2015 Intel Corporation
[    3.611388] iwlwifi 0000:00:14.3: enabling device (0000 -> 0002)
[    3.616889] usbcore: registered new interface driver ftdi_sio
[    3.616900] Bluetooth: Core ver 2.22
[    3.616901] usbserial: USB Serial support registered for FTDI USB Serial Device
[    3.616914] NET: Registered protocol family 31
[    3.616914] Bluetooth: HCI device and connection manager initialized
[    3.616919] Bluetooth: HCI socket layer initialized
[    3.616922] Bluetooth: L2CAP socket layer initialized
[    3.616925] Bluetooth: SCO socket layer initialized
[    3.616969] ftdi_sio 1-6:1.0: FTDI USB Serial Device converter detected
[    3.617005] usb 1-6: Detected FT232RL
[    3.617284] usb 1-6: FTDI USB Serial Device converter now attached to ttyUSB0
[    3.619940] videodev: Linux video capture interface: v2.00
[    3.620957] cryptd: max_cpu_qlen set to 1000
[    3.628387] usbcore: registered new interface driver btusb
[    3.630152] Bluetooth: hci0: Bootloader revision 0.1 build 42 week 52 2015
[    3.630747] iwlwifi 0000:00:14.3: loaded firmware version 43.95eb4e97.0 op_mode iwlmvm
[    3.631151] Bluetooth: hci0: Device revision is 2
[    3.631151] Bluetooth: hci0: Secure boot is enabled
[    3.631152] Bluetooth: hci0: OTP lock is enabled
[    3.631152] Bluetooth: hci0: API lock is enabled
[    3.631152] Bluetooth: hci0: Debug lock is disabled
[    3.631153] Bluetooth: hci0: Minimum firmware build 1 week 10 2014
[    3.645212] Bluetooth: hci0: Found device firmware: intel/ibt-17-16-1.sfi
[    3.660705] AVX2 version of gcm_enc/dec engaged.
[    3.660707] AES CTR mode by8 optimization enabled
[    3.660893] uvcvideo: Unknown video format 00000050-0000-0010-8000-00aa00389b71
[    3.661006] uvcvideo: Found UVC 1.50 device Intel(R) RealSense(TM) Depth Camera 435i (8086:0b3a)
[    3.662891] uvcvideo: Unable to create debugfs 2-2 directory.
[    3.663011] uvcvideo 2-4:1.0: Entity type for entity Intel(R) RealSense(TM) Depth Ca was not initialized!
[    3.663013] uvcvideo 2-4:1.0: Entity type for entity Processing 2 was not initialized!
[    3.663018] uvcvideo 2-4:1.0: Entity type for entity Camera 1 was not initialized!
[    3.663075] input: Intel(R) RealSense(TM) Depth Ca as /devices/pci0000:00/0000:00:14.0/usb2/2-4/2-4:1.0/input/input3
[    3.663231] uvcvideo: Unknown video format 36315752-1a66-a242-9065-d01814a8ef8a
[    3.663234] uvcvideo: Found UVC 1.50 device Intel(R) RealSense(TM) Depth Camera 435i (8086:0b3a)
[    3.664657] uvcvideo: Unable to create debugfs 2-2 directory.
[    3.664753] uvcvideo 2-4:1.3: Entity type for entity Processing 7 was not initialized!
[    3.664754] uvcvideo 2-4:1.3: Entity type for entity Extension 8 was not initialized!
[    3.664755] uvcvideo 2-4:1.3: Entity type for entity Camera 6 was not initialized!
[    3.664808] usbcore: registered new interface driver uvcvideo
[    3.664809] USB Video Class driver (1.1.1)
[    3.670580] iwlwifi 0000:00:14.3: Detected Intel(R) Dual Band Wireless AC 9560, REV=0x318
[    3.671457] VFIO - User Level meta-driver version: 0.3
[    3.682594] snd_hda_intel 0000:00:1f.3: enabling device (0000 -> 0002)
[    3.724660] iwlwifi 0000:00:14.3: base HW address: d0:c6:37:d4:3e:d3
[    3.743044] [drm] Found 128MB of eDRAM
[    3.743419] [drm] Replacing VGA console driver
[    3.744979] [drm] Supports vblank timestamp caching Rev 2 (21.10.2013).
[    3.744980] [drm] Driver supports precise vblank timestamp query.
[    3.745841] i915 0000:00:02.0: vgaarb: changed VGA decodes: olddecodes=io+mem,decodes=io+mem:owns=io+mem
[    3.748861] [drm] Finished loading DMC firmware i915/kbl_dmc_ver1_04.bin (v1.4)
[    3.796677] intel_rapl: Found RAPL domain package
[    3.796679] intel_rapl: Found RAPL domain core
[    3.796680] intel_rapl: Found RAPL domain uncore
[    3.796681] intel_rapl: Found RAPL domain dram
[    3.799084] ieee80211 phy0: Selected rate control algorithm 'iwl-mvm-rs'
[    3.799250] thermal thermal_zone4: failed to read out thermal zone (-61)
[    4.019384] [drm] failed to retrieve link info, disabling eDP
[    4.041961] [drm] Initialized i915 1.6.0 20181204 for 0000:00:02.0 on minor 0
[    4.048953] ACPI: Video Device [GFX0] (multi-head: yes  rom: no  post: no)
[    4.049399] input: Video Bus as /devices/LNXSYSTM:00/LNXSYBUS:00/PNP0A08:00/LNXVIDEO:00/input/input4
[    4.049591] snd_hda_intel 0000:00:1f.3: Linked as a consumer to 0000:00:02.0
[    4.049693] snd_hda_intel 0000:00:1f.3: bound 0000:00:02.0 (ops i915_audio_component_bind_ops [i915])
[    4.080552] [drm] Cannot find any crtc or sizes
[    4.109839] [drm] Cannot find any crtc or sizes
[    4.131296] snd_hda_codec_realtek hdaudioC0D0: autoconfig for ALC233: line_outs=1 (0x21/0x0/0x0/0x0/0x0) type:hp
[    4.131297] snd_hda_codec_realtek hdaudioC0D0:    speaker_outs=0 (0x0/0x0/0x0/0x0/0x0)
[    4.131298] snd_hda_codec_realtek hdaudioC0D0:    hp_outs=0 (0x0/0x0/0x0/0x0/0x0)
[    4.131298] snd_hda_codec_realtek hdaudioC0D0:    mono: mono_out=0x0
[    4.131299] snd_hda_codec_realtek hdaudioC0D0:    inputs:
[    4.131299] snd_hda_codec_realtek hdaudioC0D0:      Mic=0x19
[    4.131300] snd_hda_codec_realtek hdaudioC0D0:      Internal Mic=0x12
[    4.138973] [drm] Cannot find any crtc or sizes
[    4.175067] iwlwifi 0000:00:14.3: BIOS contains WGDS but no WRDS
[    4.185446] input: HDA Intel PCH Mic as /devices/pci0000:00/0000:00:1f.3/sound/card0/input5
[    4.185492] input: HDA Intel PCH Front Headphone as /devices/pci0000:00/0000:00:1f.3/sound/card0/input6
[    4.185539] input: HDA Intel PCH HDMI/DP,pcm=3 as /devices/pci0000:00/0000:00:1f.3/sound/card0/input7
[    4.185579] input: HDA Intel PCH HDMI/DP,pcm=7 as /devices/pci0000:00/0000:00:1f.3/sound/card0/input8
[    4.185614] input: HDA Intel PCH HDMI/DP,pcm=8 as /devices/pci0000:00/0000:00:1f.3/sound/card0/input9
[    4.185648] input: HDA Intel PCH HDMI/DP,pcm=9 as /devices/pci0000:00/0000:00:1f.3/sound/card0/input10
[    4.185680] input: HDA Intel PCH HDMI/DP,pcm=10 as /devices/pci0000:00/0000:00:1f.3/sound/card0/input11
[    4.296192] audit: type=1400 audit(1580295497.319:2): apparmor="STATUS" operation="profile_load" profile="unconfined" name="libreoffice-xpdfimport" pid=746 comm="apparmor_parser"
[    4.296306] audit: type=1400 audit(1580295497.319:3): apparmor="STATUS" operation="profile_load" profile="unconfined" name="libreoffice-senddoc" pid=744 comm="apparmor_parser"
[    4.296980] audit: type=1400 audit(1580295497.323:4): apparmor="STATUS" operation="profile_load" profile="unconfined" name="libreoffice-oopslash" pid=743 comm="apparmor_parser"
[    4.297160] audit: type=1400 audit(1580295497.323:5): apparmor="STATUS" operation="profile_load" profile="unconfined" name="/usr/bin/man" pid=742 comm="apparmor_parser"
[    4.297164] audit: type=1400 audit(1580295497.323:6): apparmor="STATUS" operation="profile_load" profile="unconfined" name="man_filter" pid=742 comm="apparmor_parser"
[    4.297165] audit: type=1400 audit(1580295497.323:7): apparmor="STATUS" operation="profile_load" profile="unconfined" name="man_groff" pid=742 comm="apparmor_parser"
[    4.300127] audit: type=1400 audit(1580295497.323:8): apparmor="STATUS" operation="profile_load" profile="unconfined" name="/usr/sbin/ippusbxd" pid=752 comm="apparmor_parser"
[    4.300714] audit: type=1400 audit(1580295497.327:9): apparmor="STATUS" operation="profile_load" profile="unconfined" name="/usr/sbin/cups-browsed" pid=750 comm="apparmor_parser"
[    4.301891] audit: type=1400 audit(1580295497.327:10): apparmor="STATUS" operation="profile_load" profile="unconfined" name="/sbin/dhclient" pid=739 comm="apparmor_parser"
[    4.446362] Bluetooth: BNEP (Ethernet Emulation) ver 1.3
[    4.446363] Bluetooth: BNEP filters: protocol multicast
[    4.446365] Bluetooth: BNEP socket layer initialized
[    4.492399] hid-sensor-hub 0003:8086:0B3A.0001: No report with id 0xffffffff found
[    4.863412] Lockdown: Xorg: ioperm is restricted; see man kernel_lockdown.7
[    5.002615] Bluetooth: hci0: Waiting for firmware download to complete
[    5.003154] Bluetooth: hci0: Firmware loaded in 1342436 usecs
[    5.003197] Bluetooth: hci0: Waiting for device to boot
[    5.016161] Bluetooth: hci0: Device booted in 12671 usecs
[    5.016568] Bluetooth: hci0: Found Intel DDC parameters: intel/ibt-17-16-1.ddc
[    5.023247] Bluetooth: hci0: Applying Intel DDC parameters completed
[    6.233403] Bluetooth: RFCOMM TTY layer initialized
[    6.233408] Bluetooth: RFCOMM socket layer initialized
[    6.233412] Bluetooth: RFCOMM ver 1.11
[    6.809336] pciehp 0000:00:1c.4:pcie004: Slot(8): Card present
[    6.809337] pciehp 0000:00:1c.4:pcie004: Slot(8): Link Up
[    6.944373] pci 0000:02:00.0: [8086:15da] type 01 class 0x060400
[    6.944421] pci 0000:02:00.0: enabling Extended Tags
[    6.944512] pci 0000:02:00.0: supports D1 D2
[    6.944513] pci 0000:02:00.0: PME# supported from D0 D1 D2 D3hot D3cold
[    6.944704] pci 0000:02:00.0: bridge configuration invalid ([bus 00-00]), reconfiguring
[    6.944784] pci 0000:03:00.0: [8086:15da] type 01 class 0x060400
[    6.944834] pci 0000:03:00.0: enabling Extended Tags
[    6.944920] pci 0000:03:00.0: supports D1 D2
[    6.944921] pci 0000:03:00.0: PME# supported from D0 D1 D2 D3hot D3cold
[    6.945018] pci 0000:03:01.0: [8086:15da] type 01 class 0x060400
[    6.945067] pci 0000:03:01.0: enabling Extended Tags
[    6.945151] pci 0000:03:01.0: supports D1 D2
[    6.945152] pci 0000:03:01.0: PME# supported from D0 D1 D2 D3hot D3cold
[    6.945244] pci 0000:03:02.0: [8086:15da] type 01 class 0x060400
[    6.945293] pci 0000:03:02.0: enabling Extended Tags
[    6.945373] pci 0000:03:02.0: supports D1 D2
[    6.945374] pci 0000:03:02.0: PME# supported from D0 D1 D2 D3hot D3cold
[    6.945494] pci 0000:02:00.0: PCI bridge to [bus 03-6c]
[    6.945500] pci 0000:02:00.0:   bridge window [io  0x0000-0x0fff]
[    6.945503] pci 0000:02:00.0:   bridge window [mem 0x00000000-0x000fffff]
[    6.945509] pci 0000:02:00.0:   bridge window [mem 0x00000000-0x000fffff 64bit pref]
[    6.945511] pci 0000:03:00.0: bridge configuration invalid ([bus 00-00]), reconfiguring
[    6.945518] pci 0000:03:01.0: bridge configuration invalid ([bus 00-00]), reconfiguring
[    6.945525] pci 0000:03:02.0: bridge configuration invalid ([bus 00-00]), reconfiguring
[    6.945608] pci 0000:04:00.0: [8086:15d9] type 00 class 0x088000
[    6.945638] pci 0000:04:00.0: reg 0x10: [mem 0x00000000-0x0003ffff]
[    6.945646] pci 0000:04:00.0: reg 0x14: [mem 0x00000000-0x00000fff]
[    6.945690] pci 0000:04:00.0: enabling Extended Tags
[    6.946367] pci 0000:04:00.0: supports D1 D2
[    6.946368] pci 0000:04:00.0: PME# supported from D0 D1 D2 D3hot D3cold
[    6.946746] pci 0000:03:00.0: PCI bridge to [bus 04-6c]
[    6.946752] pci 0000:03:00.0:   bridge window [io  0x0000-0x0fff]
[    6.946756] pci 0000:03:00.0:   bridge window [mem 0x00000000-0x000fffff]
[    6.946762] pci 0000:03:00.0:   bridge window [mem 0x00000000-0x000fffff 64bit pref]
[    6.946763] pci_bus 0000:04: busn_res: [bus 04-6c] end is updated to 04
[    6.946813] pci 0000:03:01.0: PCI bridge to [bus 05-6c]
[    6.946819] pci 0000:03:01.0:   bridge window [io  0x0000-0x0fff]
[    6.946822] pci 0000:03:01.0:   bridge window [mem 0x00000000-0x000fffff]
[    6.946827] pci 0000:03:01.0:   bridge window [mem 0x00000000-0x000fffff 64bit pref]
[    6.946828] pci_bus 0000:05: busn_res: [bus 05-6c] end is updated to 6b
[    6.946905] pci 0000:6c:00.0: [8086:15db] type 00 class 0x0c0330
[    6.946938] pci 0000:6c:00.0: reg 0x10: [mem 0x00000000-0x0000ffff]
[    6.946994] pci 0000:6c:00.0: enabling Extended Tags
[    6.947105] pci 0000:6c:00.0: supports D1 D2
[    6.947106] pci 0000:6c:00.0: PME# supported from D0 D1 D2 D3hot D3cold
[    6.947168] pci 0000:6c:00.0: 8.000 Gb/s available PCIe bandwidth, limited by 2.5 GT/s x4 link at 0000:03:02.0 (capable of 31.504 Gb/s with 8 GT/s x4 link)
[    6.947283] pci 0000:03:02.0: PCI bridge to [bus 6c]
[    6.947289] pci 0000:03:02.0:   bridge window [io  0x0000-0x0fff]
[    6.947292] pci 0000:03:02.0:   bridge window [mem 0x00000000-0x000fffff]
[    6.947297] pci 0000:03:02.0:   bridge window [mem 0x00000000-0x000fffff 64bit pref]
[    6.947299] pci_bus 0000:6c: busn_res: [bus 6c] end is updated to 6c
[    6.947303] pci_bus 0000:03: busn_res: [bus 03-6c] end is updated to 6c
[    6.947322] pci 0000:03:01.0: bridge window [mem 0x00100000-0x001fffff 64bit pref] to [bus 05-6b] add_size 100000 add_align 100000
[    6.947324] pci 0000:03:01.0: bridge window [mem 0x00100000-0x001fffff] to [bus 05-6b] add_size 100000 add_align 100000
[    6.947340] pci 0000:02:00.0: bridge window [mem 0x00100000-0x003fffff 64bit pref] to [bus 03-6c] add_size 100000 add_align 100000
[    6.947341] pci 0000:02:00.0: bridge window [mem 0x00100000-0x003fffff] to [bus 03-6c] add_size 100000 add_align 100000
[    6.947350] pci 0000:02:00.0: BAR 14: assigned [mem 0x90000000-0xbe0fffff]
[    6.947351] pci 0000:02:00.0: BAR 15: assigned [mem 0x4000000000-0x4049ffffff 64bit pref]
[    6.947352] pci 0000:02:00.0: BAR 13: no space for [io  size 0x3000]
[    6.947353] pci 0000:02:00.0: BAR 13: failed to assign [io  size 0x3000]
[    6.947354] pci 0000:02:00.0: BAR 13: no space for [io  size 0x3000]
[    6.947355] pci 0000:02:00.0: BAR 13: failed to assign [io  size 0x3000]
[    6.947358] pci 0000:03:00.0: BAR 14: assigned [mem 0x90000000-0x900fffff]
[    6.947359] pci 0000:03:00.0: BAR 15: assigned [mem 0x4000000000-0x40000fffff 64bit pref]
[    6.947360] pci 0000:03:01.0: BAR 14: assigned [mem 0x90100000-0xbdffffff]
[    6.947362] pci 0000:03:01.0: BAR 15: assigned [mem 0x4000100000-0x4049efffff 64bit pref]
[    6.947363] pci 0000:03:02.0: BAR 14: assigned [mem 0xbe000000-0xbe0fffff]
[    6.947364] pci 0000:03:02.0: BAR 15: assigned [mem 0x4049f00000-0x4049ffffff 64bit pref]
[    6.947365] pci 0000:03:00.0: BAR 13: no space for [io  size 0x1000]
[    6.947365] pci 0000:03:00.0: BAR 13: failed to assign [io  size 0x1000]
[    6.947366] pci 0000:03:01.0: BAR 13: no space for [io  size 0x1000]
[    6.947367] pci 0000:03:01.0: BAR 13: failed to assign [io  size 0x1000]
[    6.947368] pci 0000:03:02.0: BAR 13: no space for [io  size 0x1000]
[    6.947369] pci 0000:03:02.0: BAR 13: failed to assign [io  size 0x1000]
[    6.947371] pci 0000:03:00.0: BAR 13: no space for [io  size 0x1000]
[    6.947372] pci 0000:03:00.0: BAR 13: failed to assign [io  size 0x1000]
[    6.947373] pci 0000:03:01.0: BAR 13: no space for [io  size 0x1000]
[    6.947373] pci 0000:03:01.0: BAR 13: failed to assign [io  size 0x1000]
[    6.947374] pci 0000:03:02.0: BAR 13: no space for [io  size 0x1000]
[    6.947375] pci 0000:03:02.0: BAR 13: failed to assign [io  size 0x1000]
[    6.947377] pci 0000:04:00.0: BAR 0: assigned [mem 0x90000000-0x9003ffff]
[    6.947382] pci 0000:04:00.0: BAR 1: assigned [mem 0x90040000-0x90040fff]
[    6.947386] pci 0000:03:00.0: PCI bridge to [bus 04]
[    6.947391] pci 0000:03:00.0:   bridge window [mem 0x90000000-0x900fffff]
[    6.947394] pci 0000:03:00.0:   bridge window [mem 0x4000000000-0x40000fffff 64bit pref]
[    6.947399] pci 0000:03:01.0: PCI bridge to [bus 05-6b]
[    6.947404] pci 0000:03:01.0:   bridge window [mem 0x90100000-0xbdffffff]
[    6.947407] pci 0000:03:01.0:   bridge window [mem 0x4000100000-0x4049efffff 64bit pref]
[    6.947413] pci 0000:6c:00.0: BAR 0: assigned [mem 0xbe000000-0xbe00ffff]
[    6.947417] pci 0000:03:02.0: PCI bridge to [bus 6c]
[    6.947420] pci 0000:03:02.0:   bridge window [mem 0xbe000000-0xbe0fffff]
[    6.947423] pci 0000:03:02.0:   bridge window [mem 0x4049f00000-0x4049ffffff 64bit pref]
[    6.947428] pci 0000:02:00.0: PCI bridge to [bus 03-6c]
[    6.947432] pci 0000:02:00.0:   bridge window [mem 0x90000000-0xbe0fffff]
[    6.947435] pci 0000:02:00.0:   bridge window [mem 0x4000000000-0x4049ffffff 64bit pref]
[    6.947440] pcieport 0000:00:1c.4: PCI bridge to [bus 02-6c]
[    6.947442] pcieport 0000:00:1c.4:   bridge window [io  0x5000-0x5fff]
[    6.947444] pcieport 0000:00:1c.4:   bridge window [mem 0x90000000-0xbe0fffff]
[    6.947446] pcieport 0000:00:1c.4:   bridge window [mem 0x4000000000-0x4049ffffff 64bit pref]
[    6.947448] PCI: No. 2 try to assign unassigned res
[    6.947451] pcieport 0000:00:1c.4: resource 13 [io  0x5000-0x5fff] released
[    6.947452] pcieport 0000:00:1c.4: PCI bridge to [bus 02-6c]
[    6.947490] pcieport 0000:00:1c.4: BAR 13: assigned [io  0x5000-0x7fff]
[    6.947491] pci 0000:02:00.0: BAR 13: assigned [io  0x5000-0x7fff]
[    6.947492] pci 0000:03:00.0: BAR 13: assigned [io  0x5000-0x5fff]
[    6.947493] pci 0000:03:01.0: BAR 13: assigned [io  0x6000-0x6fff]
[    6.947494] pci 0000:03:02.0: BAR 13: assigned [io  0x7000-0x7fff]
[    6.947494] pci 0000:03:00.0: PCI bridge to [bus 04]
[    6.947499] pci 0000:03:00.0:   bridge window [io  0x5000-0x5fff]
[    6.947502] pci 0000:03:00.0:   bridge window [mem 0x90000000-0x900fffff]
[    6.947505] pci 0000:03:00.0:   bridge window [mem 0x4000000000-0x40000fffff 64bit pref]
[    6.947510] pci 0000:03:01.0: PCI bridge to [bus 05-6b]
[    6.947512] pci 0000:03:01.0:   bridge window [io  0x6000-0x6fff]
[    6.947517] pci 0000:03:01.0:   bridge window [mem 0x90100000-0xbdffffff]
[    6.947520] pci 0000:03:01.0:   bridge window [mem 0x4000100000-0x4049efffff 64bit pref]
[    6.947525] pci 0000:03:02.0: PCI bridge to [bus 6c]
[    6.947527] pci 0000:03:02.0:   bridge window [io  0x7000-0x7fff]
[    6.947531] pci 0000:03:02.0:   bridge window [mem 0xbe000000-0xbe0fffff]
[    6.947533] pci 0000:03:02.0:   bridge window [mem 0x4049f00000-0x4049ffffff 64bit pref]
[    6.947539] pci 0000:02:00.0: PCI bridge to [bus 03-6c]
[    6.947541] pci 0000:02:00.0:   bridge window [io  0x5000-0x7fff]
[    6.947545] pci 0000:02:00.0:   bridge window [mem 0x90000000-0xbe0fffff]
[    6.947547] pci 0000:02:00.0:   bridge window [mem 0x4000000000-0x4049ffffff 64bit pref]
[    6.947552] pcieport 0000:00:1c.4: PCI bridge to [bus 02-6c]
[    6.947553] pcieport 0000:00:1c.4:   bridge window [io  0x5000-0x7fff]
[    6.947555] pcieport 0000:00:1c.4:   bridge window [mem 0x90000000-0xbe0fffff]
[    6.947557] pcieport 0000:00:1c.4:   bridge window [mem 0x4000000000-0x4049ffffff 64bit pref]
[    6.947585] pcieport 0000:02:00.0: enabling device (0000 -> 0003)
[    6.947753] pcieport 0000:03:00.0: enabling device (0000 -> 0003)
[    6.947895] pcieport 0000:03:01.0: enabling device (0000 -> 0003)
[    6.948021] pciehp 0000:03:01.0:pcie204: Slot #1 AttnBtn- PwrCtrl- MRL- AttnInd- PwrInd- HotPlug+ Surprise+ Interlock- NoCompl+ LLActRep+
[    6.948910] rfkill: input handler disabled
[    6.963374] pcieport 0000:03:02.0: enabling device (0000 -> 0003)
[    6.963547] thunderbolt 0000:04:00.0: enabling device (0000 -> 0002)
[    7.637439] wlan0: authenticate with 44:d9:e7:c0:d5:27
[    7.644356] wlan0: send auth to 44:d9:e7:c0:d5:27 (try 1/3)
[    7.683193] wlan0: authenticated
[    7.684387] wlan0: associate with 44:d9:e7:c0:d5:27 (try 1/3)
[    7.686019] wlan0: RX AssocResp from 44:d9:e7:c0:d5:27 (capab=0x411 status=0 aid=1)
[    7.687979] wlan0: associated
[    7.706175] IPv6: ADDRCONF(NETDEV_CHANGE): wlan0: link becomes ready
[    7.892786] pci 0000:6c:00.0: enabling device (0000 -> 0002)
[    7.893114] xhci_hcd 0000:6c:00.0: xHCI Host Controller
[    7.893119] xhci_hcd 0000:6c:00.0: new USB bus registered, assigned bus number 3
[    7.894243] xhci_hcd 0000:6c:00.0: hcc params 0x200077c1 hci version 0x110 quirks 0x0000000200009810
[    7.894468] usb usb3: New USB device found, idVendor=1d6b, idProduct=0002, bcdDevice= 5.00
[    7.894470] usb usb3: New USB device strings: Mfr=3, Product=2, SerialNumber=1
[    7.894470] usb usb3: Product: xHCI Host Controller
[    7.894471] usb usb3: Manufacturer: Linux 5.0.0-31-generic xhci-hcd
[    7.894472] usb usb3: SerialNumber: 0000:6c:00.0
[    7.894617] hub 3-0:1.0: USB hub found
[    7.894625] hub 3-0:1.0: 2 ports detected
[    7.894954] xhci_hcd 0000:6c:00.0: xHCI Host Controller
[    7.894957] xhci_hcd 0000:6c:00.0: new USB bus registered, assigned bus number 4
[    7.894959] xhci_hcd 0000:6c:00.0: Host supports USB 3.0 SuperSpeed
[    7.894988] usb usb4: New USB device found, idVendor=1d6b, idProduct=0003, bcdDevice= 5.00
[    7.894989] usb usb4: New USB device strings: Mfr=3, Product=2, SerialNumber=1
[    7.894990] usb usb4: Product: xHCI Host Controller
[    7.894991] usb usb4: Manufacturer: Linux 5.0.0-31-generic xhci-hcd
[    7.894992] usb usb4: SerialNumber: 0000:6c:00.0
[    7.895126] hub 4-0:1.0: USB hub found
[    7.895134] hub 4-0:1.0: 2 ports detected
[    8.080591] pcieport 0000:00:1c.4: PCI bridge to [bus 02-6c]
[    8.080593] pcieport 0000:00:1c.4:   bridge window [io  0x5000-0x7fff]
[    8.080596] pcieport 0000:00:1c.4:   bridge window [mem 0x90000000-0xbe0fffff]
[    8.080598] pcieport 0000:00:1c.4:   bridge window [mem 0x4000000000-0x4049ffffff 64bit pref]
[   28.031362] pciehp 0000:00:1c.4:pcie004: Slot(8): Link Down
[   28.031364] pciehp 0000:00:1c.4:pcie004: Slot(8): Card not present
[   28.031370] pci_raw_set_power_state: 32 callbacks suppressed
[   28.031372] pcieport 0000:03:02.0: Refused to change power state, currently in D3
[   28.031429] xhci_hcd 0000:6c:00.0: Refused to change power state, currently in D3
[   28.108396] xhci_hcd 0000:6c:00.0: Refused to change power state, currently in D3
[   28.108414] xhci_hcd 0000:6c:00.0: WARN: xHC restore state timeout
[   28.108414] xhci_hcd 0000:6c:00.0: PCI post-resume error -110!
[   28.108416] xhci_hcd 0000:6c:00.0: HC died; cleaning up
[   28.108429] xhci_hcd 0000:6c:00.0: remove, state 4
[   28.108433] usb usb4: USB disconnect, device number 1
[   28.108614] xhci_hcd 0000:6c:00.0: USB bus 4 deregistered
[   28.108640] xhci_hcd 0000:6c:00.0: remove, state 4
[   28.108643] usb usb3: USB disconnect, device number 1
[   28.108767] xhci_hcd 0000:6c:00.0: Host halt failed, -19
[   28.108768] xhci_hcd 0000:6c:00.0: Host not accessible, reset failed.
[   28.108835] xhci_hcd 0000:6c:00.0: USB bus 3 deregistered
[   28.109077] pcieport 0000:03:01.0: Refused to change power state, currently in D3
[   28.610000] pci_bus 0000:04: busn_res: [bus 04] is released
[   28.610058] pci_bus 0000:05: busn_res: [bus 05-6b] is released
[   28.624462] pci_bus 0000:6c: busn_res: [bus 6c] is released
[   28.624575] pci_bus 0000:03: busn_res: [bus 03-6c] is released
[   68.120753] pciehp 0000:00:1c.4:pcie004: Slot(8): Card present
[   68.120755] pciehp 0000:00:1c.4:pcie004: Slot(8): Link Up
[   68.260364] pci 0000:02:00.0: [8086:15da] type 01 class 0x060400
[   68.260409] pci 0000:02:00.0: enabling Extended Tags
[   68.260493] pci 0000:02:00.0: supports D1 D2
[   68.260494] pci 0000:02:00.0: PME# supported from D0 D1 D2 D3hot D3cold
[   68.260644] pci 0000:02:00.0: bridge configuration invalid ([bus 00-00]), reconfiguring
[   68.260711] pci 0000:03:00.0: [8086:15da] type 01 class 0x060400
[   68.260757] pci 0000:03:00.0: enabling Extended Tags
[   68.260837] pci 0000:03:00.0: supports D1 D2
[   68.260837] pci 0000:03:00.0: PME# supported from D0 D1 D2 D3hot D3cold
[   68.260913] pci 0000:03:01.0: [8086:15da] type 01 class 0x060400
[   68.260958] pci 0000:03:01.0: enabling Extended Tags
[   68.261033] pci 0000:03:01.0: supports D1 D2
[   68.261034] pci 0000:03:01.0: PME# supported from D0 D1 D2 D3hot D3cold
[   68.261108] pci 0000:03:02.0: [8086:15da] type 01 class 0x060400
[   68.261155] pci 0000:03:02.0: enabling Extended Tags
[   68.261227] pci 0000:03:02.0: supports D1 D2
[   68.261227] pci 0000:03:02.0: PME# supported from D0 D1 D2 D3hot D3cold
[   68.261328] pci 0000:02:00.0: PCI bridge to [bus 03-6c]
[   68.261333] pci 0000:02:00.0:   bridge window [io  0x0000-0x0fff]
[   68.261336] pci 0000:02:00.0:   bridge window [mem 0x00000000-0x000fffff]
[   68.261341] pci 0000:02:00.0:   bridge window [mem 0x00000000-0x000fffff 64bit pref]
[   68.261343] pci 0000:03:00.0: bridge configuration invalid ([bus 00-00]), reconfiguring
[   68.261349] pci 0000:03:01.0: bridge configuration invalid ([bus 00-00]), reconfiguring
[   68.261355] pci 0000:03:02.0: bridge configuration invalid ([bus 00-00]), reconfiguring
[   68.261413] pci 0000:04:00.0: [8086:15d9] type 00 class 0x088000
[   68.261440] pci 0000:04:00.0: reg 0x10: [mem 0x00000000-0x0003ffff]
[   68.261447] pci 0000:04:00.0: reg 0x14: [mem 0x00000000-0x00000fff]
[   68.261489] pci 0000:04:00.0: enabling Extended Tags
[   68.261580] pci 0000:04:00.0: supports D1 D2
[   68.261581] pci 0000:04:00.0: PME# supported from D0 D1 D2 D3hot D3cold
[   68.261708] pci 0000:03:00.0: PCI bridge to [bus 04-6c]
[   68.261713] pci 0000:03:00.0:   bridge window [io  0x0000-0x0fff]
[   68.261716] pci 0000:03:00.0:   bridge window [mem 0x00000000-0x000fffff]
[   68.261723] pci 0000:03:00.0:   bridge window [mem 0x00000000-0x000fffff 64bit pref]
[   68.261724] pci_bus 0000:04: busn_res: [bus 04-6c] end is updated to 04
[   68.261780] pci 0000:03:01.0: PCI bridge to [bus 05-6c]
[   68.261785] pci 0000:03:01.0:   bridge window [io  0x0000-0x0fff]
[   68.261789] pci 0000:03:01.0:   bridge window [mem 0x00000000-0x000fffff]
[   68.261794] pci 0000:03:01.0:   bridge window [mem 0x00000000-0x000fffff 64bit pref]
[   68.261796] pci_bus 0000:05: busn_res: [bus 05-6c] end is updated to 6b
[   68.261861] pci 0000:6c:00.0: [8086:15db] type 00 class 0x0c0330
[   68.261890] pci 0000:6c:00.0: reg 0x10: [mem 0x00000000-0x0000ffff]
[   68.262057] pci 0000:6c:00.0: supports D1 D2
[   68.262058] pci 0000:6c:00.0: PME# supported from D0 D1 D2 D3hot D3cold
[   68.262122] pci 0000:6c:00.0: 8.000 Gb/s available PCIe bandwidth, limited by 2.5 GT/s x4 link at 0000:03:02.0 (capable of 31.504 Gb/s with 8 GT/s x4 link)
[   68.262238] pci 0000:03:02.0: PCI bridge to [bus 6c]
[   68.262244] pci 0000:03:02.0:   bridge window [io  0x0000-0x0fff]
[   68.262247] pci 0000:03:02.0:   bridge window [mem 0x00000000-0x000fffff]
[   68.262253] pci 0000:03:02.0:   bridge window [mem 0x00000000-0x000fffff 64bit pref]
[   68.262255] pci_bus 0000:6c: busn_res: [bus 6c] end is updated to 6c
[   68.262259] pci_bus 0000:03: busn_res: [bus 03-6c] end is updated to 6c
[   68.262278] pci 0000:03:01.0: bridge window [mem 0x00100000-0x001fffff 64bit pref] to [bus 05-6b] add_size 100000 add_align 100000
[   68.262280] pci 0000:03:01.0: bridge window [mem 0x00100000-0x001fffff] to [bus 05-6b] add_size 100000 add_align 100000
[   68.262295] pci 0000:02:00.0: bridge window [mem 0x00100000-0x003fffff 64bit pref] to [bus 03-6c] add_size 100000 add_align 100000
[   68.262297] pci 0000:02:00.0: bridge window [mem 0x00100000-0x003fffff] to [bus 03-6c] add_size 100000 add_align 100000
[   68.262306] pci 0000:02:00.0: BAR 14: assigned [mem 0x90000000-0xbe0fffff]
[   68.262307] pci 0000:02:00.0: BAR 15: assigned [mem 0x4000000000-0x4049ffffff 64bit pref]
[   68.262309] pci 0000:02:00.0: BAR 13: assigned [io  0x5000-0x7fff]
[   68.262312] pci 0000:03:00.0: BAR 14: assigned [mem 0x90000000-0x900fffff]
[   68.262313] pci 0000:03:00.0: BAR 15: assigned [mem 0x4000000000-0x40000fffff 64bit pref]
[   68.262315] pci 0000:03:01.0: BAR 14: assigned [mem 0x90100000-0xbdffffff]
[   68.262316] pci 0000:03:01.0: BAR 15: assigned [mem 0x4000100000-0x4049efffff 64bit pref]
[   68.262317] pci 0000:03:02.0: BAR 14: assigned [mem 0xbe000000-0xbe0fffff]
[   68.262318] pci 0000:03:02.0: BAR 15: assigned [mem 0x4049f00000-0x4049ffffff 64bit pref]
[   68.262319] pci 0000:03:00.0: BAR 13: assigned [io  0x5000-0x5fff]
[   68.262321] pci 0000:03:01.0: BAR 13: assigned [io  0x6000-0x6fff]
[   68.262322] pci 0000:03:02.0: BAR 13: assigned [io  0x7000-0x7fff]
[   68.262324] pci 0000:04:00.0: BAR 0: assigned [mem 0x90000000-0x9003ffff]
[   68.262329] pci 0000:04:00.0: BAR 1: assigned [mem 0x90040000-0x90040fff]
[   68.262334] pci 0000:03:00.0: PCI bridge to [bus 04]
[   68.262336] pci 0000:03:00.0:   bridge window [io  0x5000-0x5fff]
[   68.262341] pci 0000:03:00.0:   bridge window [mem 0x90000000-0x900fffff]
[   68.262345] pci 0000:03:00.0:   bridge window [mem 0x4000000000-0x40000fffff 64bit pref]
[   68.262351] pci 0000:03:01.0: PCI bridge to [bus 05-6b]
[   68.262353] pci 0000:03:01.0:   bridge window [io  0x6000-0x6fff]
[   68.262358] pci 0000:03:01.0:   bridge window [mem 0x90100000-0xbdffffff]
[   68.262361] pci 0000:03:01.0:   bridge window [mem 0x4000100000-0x4049efffff 64bit pref]
[   68.262368] pci 0000:6c:00.0: BAR 0: assigned [mem 0xbe000000-0xbe00ffff]
[   68.262372] pci 0000:03:02.0: PCI bridge to [bus 6c]
[   68.262374] pci 0000:03:02.0:   bridge window [io  0x7000-0x7fff]
[   68.262379] pci 0000:03:02.0:   bridge window [mem 0xbe000000-0xbe0fffff]
[   68.262382] pci 0000:03:02.0:   bridge window [mem 0x4049f00000-0x4049ffffff 64bit pref]
[   68.262388] pci 0000:02:00.0: PCI bridge to [bus 03-6c]
[   68.262390] pci 0000:02:00.0:   bridge window [io  0x5000-0x7fff]
[   68.262395] pci 0000:02:00.0:   bridge window [mem 0x90000000-0xbe0fffff]
[   68.262398] pci 0000:02:00.0:   bridge window [mem 0x4000000000-0x4049ffffff 64bit pref]
[   68.262404] pcieport 0000:00:1c.4: PCI bridge to [bus 02-6c]
[   68.262405] pcieport 0000:00:1c.4:   bridge window [io  0x5000-0x7fff]
[   68.262408] pcieport 0000:00:1c.4:   bridge window [mem 0x90000000-0xbe0fffff]
[   68.262411] pcieport 0000:00:1c.4:   bridge window [mem 0x4000000000-0x4049ffffff 64bit pref]
[   68.262440] pcieport 0000:02:00.0: enabling device (0000 -> 0003)
[   68.262617] pcieport 0000:03:00.0: enabling device (0000 -> 0003)
[   68.262759] pcieport 0000:03:01.0: enabling device (0000 -> 0003)
[   68.262888] pciehp 0000:03:01.0:pcie204: Slot #1 AttnBtn- PwrCtrl- MRL- AttnInd- PwrInd- HotPlug+ Surprise+ Interlock- NoCompl+ LLActRep+
[   68.263030] pcieport 0000:03:02.0: enabling device (0000 -> 0003)
[   68.263184] thunderbolt 0000:04:00.0: enabling device (0000 -> 0002)
[   68.402057] pci 0000:6c:00.0: enabling device (0000 -> 0002)
[   68.402332] xhci_hcd 0000:6c:00.0: xHCI Host Controller
[   68.402337] xhci_hcd 0000:6c:00.0: new USB bus registered, assigned bus number 3
[   68.403442] xhci_hcd 0000:6c:00.0: hcc params 0x200077c1 hci version 0x110 quirks 0x0000000200009810
[   68.403633] usb usb3: New USB device found, idVendor=1d6b, idProduct=0002, bcdDevice= 5.00
[   68.403634] usb usb3: New USB device strings: Mfr=3, Product=2, SerialNumber=1
[   68.403634] usb usb3: Product: xHCI Host Controller
[   68.403635] usb usb3: Manufacturer: Linux 5.0.0-31-generic xhci-hcd
[   68.403635] usb usb3: SerialNumber: 0000:6c:00.0
[   68.403732] hub 3-0:1.0: USB hub found
[   68.403741] hub 3-0:1.0: 2 ports detected
[   68.404019] xhci_hcd 0000:6c:00.0: xHCI Host Controller
[   68.404021] xhci_hcd 0000:6c:00.0: new USB bus registered, assigned bus number 4
[   68.404025] xhci_hcd 0000:6c:00.0: Host supports USB 3.0 SuperSpeed
[   68.404057] usb usb4: New USB device found, idVendor=1d6b, idProduct=0003, bcdDevice= 5.00
[   68.404058] usb usb4: New USB device strings: Mfr=3, Product=2, SerialNumber=1
[   68.404059] usb usb4: Product: xHCI Host Controller
[   68.404060] usb usb4: Manufacturer: Linux 5.0.0-31-generic xhci-hcd
[   68.404061] usb usb4: SerialNumber: 0000:6c:00.0
[   68.404187] hub 4-0:1.0: USB hub found
[   68.404196] hub 4-0:1.0: 2 ports detected
[   68.480546] pcieport 0000:00:1c.4: PCI bridge to [bus 02-6c]
[   68.480548] pcieport 0000:00:1c.4:   bridge window [io  0x5000-0x7fff]
[   68.480552] pcieport 0000:00:1c.4:   bridge window [mem 0x90000000-0xbe0fffff]
[   68.480554] pcieport 0000:00:1c.4:   bridge window [mem 0x4000000000-0x4049ffffff 64bit pref]
[   99.093114] uvcvideo: Failed to query (GET_CUR) UVC control 1 on unit 3: -32 (exp. 1024).
[   99.143538] uvcvideo: Failed to query (GET_CUR) UVC control 1 on unit 3: -32 (exp. 1024).
[   99.194003] uvcvideo: Failed to query (GET_CUR) UVC control 1 on unit 3: -32 (exp. 1024).
[   99.244401] uvcvideo: Failed to query (GET_CUR) UVC control 1 on unit 3: -32 (exp. 1024).
[   99.294792] uvcvideo: Failed to query (GET_CUR) UVC control 1 on unit 3: -32 (exp. 1024).
[   99.347831] uvcvideo: Failed to query (GET_CUR) UVC control 1 on unit 3: -32 (exp. 1024).
[   99.401589] uvcvideo: Failed to query (GET_CUR) UVC control 1 on unit 3: -32 (exp. 1024).
[  100.516370] usb 2-4: USB disconnect, device number 2
[  100.884401] usb 2-4: new SuperSpeed Gen 1 USB device number 3 using xhci_hcd
[  100.904804] usb 2-4: New USB device found, idVendor=8086, idProduct=0b3a, bcdDevice=50.b6
[  100.904806] usb 2-4: New USB device strings: Mfr=1, Product=2, SerialNumber=3
[  100.904807] usb 2-4: Product: Intel(R) RealSense(TM) Depth Camera 435i
[  100.904808] usb 2-4: Manufacturer: Intel(R) RealSense(TM) Depth Camera 435i
[  100.904808] usb 2-4: SerialNumber: 915323051136
[  100.906569] uvcvideo: Unknown video format 00000050-0000-0010-8000-00aa00389b71
[  100.906641] uvcvideo: Found UVC 1.50 device Intel(R) RealSense(TM) Depth Camera 435i (8086:0b3a)
[  100.908399] uvcvideo: Unable to create debugfs 2-3 directory.
[  100.908477] uvcvideo 2-4:1.0: Entity type for entity Intel(R) RealSense(TM) Depth Ca was not initialized!
[  100.908479] uvcvideo 2-4:1.0: Entity type for entity Processing 2 was not initialized!
[  100.908480] uvcvideo 2-4:1.0: Entity type for entity Camera 1 was not initialized!
[  100.908537] input: Intel(R) RealSense(TM) Depth Ca as /devices/pci0000:00/0000:00:14.0/usb2/2-4/2-4:1.0/input/input12
[  100.908999] uvcvideo: Unknown video format 36315752-1a66-a242-9065-d01814a8ef8a
[  100.909002] uvcvideo: Found UVC 1.50 device Intel(R) RealSense(TM) Depth Camera 435i (8086:0b3a)
[  100.910392] uvcvideo: Unable to create debugfs 2-3 directory.
[  100.910439] uvcvideo 2-4:1.3: Entity type for entity Processing 7 was not initialized!
[  100.910440] uvcvideo 2-4:1.3: Entity type for entity Extension 8 was not initialized!
[  100.910441] uvcvideo 2-4:1.3: Entity type for entity Camera 6 was not initialized!
[  101.032369] hid-sensor-hub 0003:8086:0B3A.0002: No report with id 0xffffffff found
[  105.472526] uvcvideo: Failed to query (GET_CUR) UVC control 1 on unit 3: -32 (exp. 1024).
[  105.658092] uvcvideo: Failed to query (GET_CUR) UVC control 1 on unit 3: -32 (exp. 1024).
[  105.709292] uvcvideo: Failed to query (GET_CUR) UVC control 1 on unit 3: -32 (exp. 1024).
[  106.014532] uvcvideo: Failed to query (GET_CUR) UVC control 2 on unit 3: -32 (exp. 1).
[  106.078642] uvcvideo: Failed to query (GET_CUR) UVC control 11 on unit 3: -32 (exp. 1).
[  106.670938] uvcvideo: Failed to query (GET_CUR) UVC control 1 on unit 3: -32 (exp. 1024).
[  106.721193] uvcvideo: Failed to query (GET_CUR) UVC control 1 on unit 3: -32 (exp. 1024).
[  106.771793] uvcvideo: Failed to query (GET_CUR) UVC control 1 on unit 3: -32 (exp. 1024).
[  106.822060] uvcvideo: Failed to query (GET_CUR) UVC control 1 on unit 3: -32 (exp. 1024).
[  106.936819] uvcvideo: Failed to query (GET_CUR) UVC control 1 on unit 3: -32 (exp. 1024).
[  106.987057] uvcvideo: Failed to query (GET_CUR) UVC control 1 on unit 3: -32 (exp. 1024).
[  107.037250] uvcvideo: Failed to query (GET_CUR) UVC control 1 on unit 3: -32 (exp. 1024).
[  107.087390] uvcvideo: Failed to query (GET_CUR) UVC control 1 on unit 3: -32 (exp. 1024).
[  107.137713] uvcvideo: Failed to query (GET_CUR) UVC control 1 on unit 3: -32 (exp. 1024).
[  107.288223] uvcvideo: Failed to query (GET_CUR) UVC control 1 on unit 3: -32 (exp. 1024).
[  107.338398] uvcvideo: Failed to query (GET_CUR) UVC control 1 on unit 3: -32 (exp. 1024).
[  107.489055] uvcvideo: Failed to query (GET_CUR) UVC control 1 on unit 3: -32 (exp. 1024).
[  107.539385] uvcvideo: Failed to query (GET_CUR) UVC control 1 on unit 3: -32 (exp. 1024).
[  107.690057] uvcvideo: Failed to query (GET_CUR) UVC control 1 on unit 3: -32 (exp. 1024).
[  107.740759] uvcvideo: Failed to query (GET_CUR) UVC control 1 on unit 3: -32 (exp. 1024).
[  107.891212] uvcvideo: Failed to query (GET_CUR) UVC control 1 on unit 3: -32 (exp. 1024).
[  107.941390] uvcvideo: Failed to query (GET_CUR) UVC control 1 on unit 3: -32 (exp. 1024).
[  108.091969] uvcvideo: Failed to query (GET_CUR) UVC control 1 on unit 3: -32 (exp. 1024).
[  108.142192] uvcvideo: Failed to query (GET_CUR) UVC control 1 on unit 3: -32 (exp. 1024).
[  108.424188] pciehp 0000:00:1c.4:pcie004: Slot(8): Link Down
[  108.424190] pciehp 0000:00:1c.4:pcie004: Slot(8): Card not present
[  108.424202] pcieport 0000:03:02.0: Refused to change power state, currently in D3
[  108.424346] xhci_hcd 0000:6c:00.0: Refused to change power state, currently in D3
[  108.500361] xhci_hcd 0000:6c:00.0: Refused to change power state, currently in D3
[  108.500376] xhci_hcd 0000:6c:00.0: WARN: xHC restore state timeout
[  108.500378] xhci_hcd 0000:6c:00.0: PCI post-resume error -110!
[  108.500380] xhci_hcd 0000:6c:00.0: HC died; cleaning up
[  108.500392] xhci_hcd 0000:6c:00.0: remove, state 4
[  108.500396] usb usb4: USB disconnect, device number 1
[  108.500544] xhci_hcd 0000:6c:00.0: USB bus 4 deregistered
[  108.500549] xhci_hcd 0000:6c:00.0: remove, state 4
[  108.500552] usb usb3: USB disconnect, device number 1
[  108.500658] xhci_hcd 0000:6c:00.0: Host halt failed, -19
[  108.500660] xhci_hcd 0000:6c:00.0: Host not accessible, reset failed.
[  108.500714] xhci_hcd 0000:6c:00.0: USB bus 3 deregistered
[  108.500853] pcieport 0000:03:01.0: Refused to change power state, currently in D3
[  108.626821] uvcvideo: Failed to query (GET_CUR) UVC control 1 on unit 3: -32 (exp. 1024).
[  108.977816] uvcvideo: Failed to query (GET_CUR) UVC control 1 on unit 3: -32 (exp. 1024).
[  109.001432] pci_bus 0000:04: busn_res: [bus 04] is released
[  109.001463] pci_bus 0000:05: busn_res: [bus 05-6b] is released
[  109.016396] pci_bus 0000:6c: busn_res: [bus 6c] is released
[  109.016461] pci_bus 0000:03: busn_res: [bus 03-6c] is released
[  117.030793] uvcvideo: Failed to query (GET_CUR) UVC control 1 on unit 3: -32 (exp. 1024).
[  185.105752] uvcvideo: Failed to query (GET_CUR) UVC control 1 on unit 3: -32 (exp. 1024).
[  189.156818] uvcvideo: Failed to query (GET_CUR) UVC control 1 on unit 3: -32 (exp. 1024).
[  193.207870] uvcvideo: Failed to query (GET_CUR) UVC control 1 on unit 3: -32 (exp. 1024).
[  450.061191] usb 1-2: USB disconnect, device number 2
[  450.368404] usb 1-2: new high-speed USB device number 5 using xhci_hcd
[  450.516765] usb 1-2: device descriptor read/all, error -71
[  450.644354] usb 1-2: new high-speed USB device number 6 using xhci_hcd
[  450.980417] usb 1-2: device descriptor read/64, error -71
[  451.236701] usb 1-2: New USB device found, idVendor=164c, idProduct=0101, bcdDevice=40.bd
[  451.236702] usb 1-2: New USB device strings: Mfr=0, Product=0, SerialNumber=0
[  454.289312] usb 1-2: USB disconnect, device number 6
[  454.596427] usb 1-2: new high-speed USB device number 7 using xhci_hcd
[  455.564432] usb usb1-port2: Cannot enable. Maybe the USB cable is bad?
[  456.532404] usb usb1-port2: Cannot enable. Maybe the USB cable is bad?
[  456.532445] usb usb1-port2: attempt power cycle
[  457.816406] usb usb1-port2: Cannot enable. Maybe the USB cable is bad?
[  458.784407] usb usb1-port2: Cannot enable. Maybe the USB cable is bad?
[  458.784445] usb usb1-port2: unable to enumerate USB device
[  585.015372] uvcvideo: Failed to query (GET_CUR) UVC control 1 on unit 3: -32 (exp. 1024).
[  585.066592] uvcvideo: Failed to query (GET_CUR) UVC control 1 on unit 3: -32 (exp. 1024).
[  585.119658] uvcvideo: Failed to query (GET_CUR) UVC control 1 on unit 3: -32 (exp. 1024).
[  585.170360] uvcvideo: Failed to query (GET_CUR) UVC control 1 on unit 3: -32 (exp. 1024).
[  586.336360] usb 2-4: USB disconnect, device number 3
[  586.660451] usb 2-4: new SuperSpeed Gen 1 USB device number 4 using xhci_hcd
[  586.680840] usb 2-4: New USB device found, idVendor=8086, idProduct=0b3a, bcdDevice=50.b6
[  586.680841] usb 2-4: New USB device strings: Mfr=1, Product=2, SerialNumber=3
[  586.680842] usb 2-4: Product: Intel(R) RealSense(TM) Depth Camera 435i
[  586.680843] usb 2-4: Manufacturer: Intel(R) RealSense(TM) Depth Camera 435i
[  586.680843] usb 2-4: SerialNumber: 915323051136
[  586.682452] uvcvideo: Unknown video format 00000050-0000-0010-8000-00aa00389b71
[  586.682533] uvcvideo: Found UVC 1.50 device Intel(R) RealSense(TM) Depth Camera 435i (8086:0b3a)
[  586.684226] uvcvideo: Unable to create debugfs 2-4 directory.
[  586.684262] uvcvideo 2-4:1.0: Entity type for entity Intel(R) RealSense(TM) Depth Ca was not initialized!
[  586.684263] uvcvideo 2-4:1.0: Entity type for entity Processing 2 was not initialized!
[  586.684263] uvcvideo 2-4:1.0: Entity type for entity Camera 1 was not initialized!
[  586.684297] input: Intel(R) RealSense(TM) Depth Ca as /devices/pci0000:00/0000:00:14.0/usb2/2-4/2-4:1.0/input/input13
[  586.685755] uvcvideo: Unknown video format 36315752-1a66-a242-9065-d01814a8ef8a
[  586.685757] uvcvideo: Found UVC 1.50 device Intel(R) RealSense(TM) Depth Camera 435i (8086:0b3a)
[  586.687150] uvcvideo: Unable to create debugfs 2-4 directory.
[  586.687188] uvcvideo 2-4:1.3: Entity type for entity Processing 7 was not initialized!
[  586.687189] uvcvideo 2-4:1.3: Entity type for entity Extension 8 was not initialized!
[  586.687189] uvcvideo 2-4:1.3: Entity type for entity Camera 6 was not initialized!
[  586.792362] hid-sensor-hub 0003:8086:0B3A.0003: No report with id 0xffffffff found
[  588.708444] TCP: request_sock_TCP: Possible SYN flooding on port 39049. Sending cookies.  Check SNMP counters.
[  591.256672] uvcvideo: Failed to query (GET_CUR) UVC control 1 on unit 3: -32 (exp. 1024).
[  591.404315] uvcvideo: Failed to query (GET_CUR) UVC control 1 on unit 3: -32 (exp. 1024).
[  591.709826] uvcvideo: Failed to query (GET_CUR) UVC control 2 on unit 3: -32 (exp. 1).
[  591.775165] uvcvideo: Failed to query (GET_CUR) UVC control 11 on unit 3: -32 (exp. 1).
[  592.322697] uvcvideo: Failed to query (GET_CUR) UVC control 1 on unit 3: -32 (exp. 1024).
[  592.372934] uvcvideo: Failed to query (GET_CUR) UVC control 1 on unit 3: -32 (exp. 1024).
[  592.423520] uvcvideo: Failed to query (GET_CUR) UVC control 1 on unit 3: -32 (exp. 1024).
[  592.473844] uvcvideo: Failed to query (GET_CUR) UVC control 1 on unit 3: -32 (exp. 1024).
[  592.587936] uvcvideo: Failed to query (GET_CUR) UVC control 1 on unit 3: -32 (exp. 1024).
[  592.638189] uvcvideo: Failed to query (GET_CUR) UVC control 1 on unit 3: -32 (exp. 1024).
[  592.688455] uvcvideo: Failed to query (GET_CUR) UVC control 1 on unit 3: -32 (exp. 1024).
[  592.738604] uvcvideo: Failed to query (GET_CUR) UVC control 1 on unit 3: -32 (exp. 1024).
[  592.788962] uvcvideo: Failed to query (GET_CUR) UVC control 1 on unit 3: -32 (exp. 1024).
[  592.939663] uvcvideo: Failed to query (GET_CUR) UVC control 1 on unit 3: -32 (exp. 1024).
[  592.989917] uvcvideo: Failed to query (GET_CUR) UVC control 1 on unit 3: -32 (exp. 1024).
[  593.140653] uvcvideo: Failed to query (GET_CUR) UVC control 1 on unit 3: -32 (exp. 1024).
[  593.190869] uvcvideo: Failed to query (GET_CUR) UVC control 1 on unit 3: -32 (exp. 1024).
[  593.341404] uvcvideo: Failed to query (GET_CUR) UVC control 1 on unit 3: -32 (exp. 1024).
[  593.391652] uvcvideo: Failed to query (GET_CUR) UVC control 1 on unit 3: -32 (exp. 1024).
[  593.542307] uvcvideo: Failed to query (GET_CUR) UVC control 1 on unit 3: -32 (exp. 1024).
[  593.593049] uvcvideo: Failed to query (GET_CUR) UVC control 1 on unit 3: -32 (exp. 1024).
[  593.743792] uvcvideo: Failed to query (GET_CUR) UVC control 1 on unit 3: -32 (exp. 1024).
[  593.794037] uvcvideo: Failed to query (GET_CUR) UVC control 1 on unit 3: -32 (exp. 1024).
[  594.547415] uvcvideo: Failed to query (GET_CUR) UVC control 1 on unit 3: -32 (exp. 1024).
[  597.598761] uvcvideo: Failed to query (GET_CUR) UVC control 1 on unit 3: -32 (exp. 1024).
[  600.650017] uvcvideo: Failed to query (GET_CUR) UVC control 1 on unit 3: -32 (exp. 1024).
[  603.702258] uvcvideo: Failed to query (GET_CUR) UVC control 1 on unit 3: -32 (exp. 1024).
[  606.753544] uvcvideo: Failed to query (GET_CUR) UVC control 1 on unit 3: -32 (exp. 1024).
[  608.806305] uvcvideo: Failed to query (GET_CUR) UVC control 1 on unit 3: -32 (exp. 1024).
[  611.857149] uvcvideo: Failed to query (GET_CUR) UVC control 1 on unit 3: -32 (exp. 1024).
[  637.196106] usb usb1-port2: Cannot enable. Maybe the USB cable is bad?
[  638.164883] usb usb1-port2: Cannot enable. Maybe the USB cable is bad?
[  638.164950] usb usb1-port2: attempt power cycle
[  638.820448] usb 1-2: new high-speed USB device number 13 using xhci_hcd
[  638.976503] usb 1-2: New USB device found, idVendor=164c, idProduct=0101, bcdDevice=40.bd
[  638.976505] usb 1-2: New USB device strings: Mfr=0, Product=0, SerialNumber=0
[  641.263062] usb 1-2: USB disconnect, device number 13
[  641.568443] usb 1-2: new high-speed USB device number 14 using xhci_hcd
[  641.716564] usb 1-2: New USB device found, idVendor=164c, idProduct=0101, bcdDevice=40.bd
[  641.716565] usb 1-2: New USB device strings: Mfr=0, Product=0, SerialNumber=0
[  641.749892] usb 1-2: USB disconnect, device number 14
[  642.060476] usb 1-2: new high-speed USB device number 15 using xhci_hcd
[  642.216466] usb 1-2: New USB device found, idVendor=164c, idProduct=0101, bcdDevice=40.bd
[  642.216468] usb 1-2: New USB device strings: Mfr=0, Product=0, SerialNumber=0
[  642.238637] usb 1-2: USB disconnect, device number 15
[  643.040369] usb 1-2: new high-speed USB device number 16 using xhci_hcd
[  643.188512] usb 1-2: New USB device found, idVendor=164c, idProduct=0101, bcdDevice=40.bd
[  643.188515] usb 1-2: New USB device strings: Mfr=0, Product=0, SerialNumber=0
[  644.925656] usb 1-2: USB disconnect, device number 16
[  645.236395] usb 1-2: new high-speed USB device number 17 using xhci_hcd
[  645.364418] usb 1-2: Device not responding to setup address.
[  645.572417] usb 1-2: Device not responding to setup address.
[  645.780504] usb 1-2: device not accepting address 17, error -71
[  645.929267] uvcvideo: Failed to query (GET_CUR) UVC control 1 on unit 3: -32 (exp. 1024).
